Archive member included because of file (symbol)

c:/program files (x86)/microchip/xc32/v1.30/bin/../lib/gcc/pic32mx/4.5.2/../../../../pic32mx/lib\libmchp_peripheral_32MX230F064D.a(int_enable_interrupts_lib.o)
                              build/default/production/_ext/1360937237/main.o (INTEnableInterrupts)
c:/program files (x86)/microchip/xc32/v1.30/bin/../lib/gcc/pic32mx/4.5.2/../../../../pic32mx/lib\libmchp_peripheral_32MX230F064D.a(int_tbl_lib.o)
                              build/default/production/_ext/659838314/usb_device.o (INTClearFlag)
c:/program files (x86)/microchip/xc32/v1.30/bin/../lib/gcc/pic32mx/4.5.2/../../../../pic32mx/lib\libpic32.a(memset.o)
                              build/default/production/_ext/659838314/usb_device.o (memset)
c:/program files (x86)/microchip/xc32/v1.30/bin/../lib/gcc/pic32mx/4.5.2/../../../../pic32mx/lib\libpic32.a(strlen.o)
                              build/default/production/_ext/1360937237/main_comm.o (strlen)
c:/program files (x86)/microchip/xc32/v1.30/bin/../lib/gcc/pic32mx/4.5.2/../../../../pic32mx/lib\libpic32.a(default-bootstrap-exception-handler.o)
                              c:/program files (x86)/microchip/xc32/v1.30/bin/../lib/gcc/pic32mx/4.5.2/../../../../pic32mx/lib/./proc/32MX230F064D/crt0_mips32r2.o (_bootstrap_exception_handler)
c:/program files (x86)/microchip/xc32/v1.30/bin/../lib/gcc/pic32mx/4.5.2/../../../../pic32mx/lib\libpic32.a(default-on-reset.o)
                              c:/program files (x86)/microchip/xc32/v1.30/bin/../lib/gcc/pic32mx/4.5.2/../../../../pic32mx/lib/./proc/32MX230F064D/crt0_mips32r2.o (_on_reset)
c:/program files (x86)/microchip/xc32/v1.30/bin/../lib/gcc/pic32mx/4.5.2/../../../../pic32mx/lib\libpic32.a(default-on-bootstrap.o)
                              c:/program files (x86)/microchip/xc32/v1.30/bin/../lib/gcc/pic32mx/4.5.2/../../../../pic32mx/lib/./proc/32MX230F064D/crt0_mips32r2.o (_on_bootstrap)
c:/program files (x86)/microchip/xc32/v1.30/bin/../lib/gcc/pic32mx/4.5.2/../../../../pic32mx/lib\libpic32.a(default-nmi-handler.o)
                              c:/program files (x86)/microchip/xc32/v1.30/bin/../lib/gcc/pic32mx/4.5.2/../../../../pic32mx/lib/./proc/32MX230F064D/crt0_mips32r2.o (_nmi_handler)
c:/program files (x86)/microchip/xc32/v1.30/bin/../lib/gcc/pic32mx/4.5.2/../../../../pic32mx/lib\libpic32.a(pic32_software_reset.o)
                              c:/program files (x86)/microchip/xc32/v1.30/bin/../lib/gcc/pic32mx/4.5.2/../../../../pic32mx/lib\libpic32.a(default-bootstrap-exception-handler.o) (__pic32_software_reset)
c:/program files (x86)/microchip/xc32/v1.30/bin/../lib/gcc/pic32mx/4.5.2/../../../../pic32mx/lib\libpic32.a(general-exception.o)
                              c:/program files (x86)/microchip/xc32/v1.30/bin/../lib/gcc/pic32mx/4.5.2/../../../../pic32mx/lib/./proc/32MX230F064D/crt0_mips32r2.o (_general_exception_context)
c:/program files (x86)/microchip/xc32/v1.30/bin/../lib/gcc/pic32mx/4.5.2/../../../../pic32mx/lib\libpic32.a(default-general-exception-handler.o)
                              c:/program files (x86)/microchip/xc32/v1.30/bin/../lib/gcc/pic32mx/4.5.2/../../../../pic32mx/lib\libpic32.a(general-exception.o) (_general_exception_handler)

Allocating common symbols
Common symbol       size              file

pDst                0x4               build/default/production/_ext/659838314/usb_device.o
script_head         0x8               build/default/production/_ext/1360937237/l_script.o
my_func_infos       0x120             build/default/production/_ext/1360937237/main.o
USBDeferINDataStagePackets
                    0x4               build/default/production/_ext/659838314/usb_device.o
BDT                 0xa0              build/default/production/_ext/659838314/usb_device.o
CtrlTrfData         0x8               build/default/production/_ext/659838314/usb_device.o
p_base_infos        0x60              build/default/production/_ext/1360937237/l_flash.o
USBDeferOUTDataStagePackets
                    0x4               build/default/production/_ext/659838314/usb_device.o
USBDeviceState      0x4               build/default/production/_ext/659838314/usb_device.o
controlTransferState
                    0x1               build/default/production/_ext/659838314/usb_device.o
my_sw_func_infos    0x108             build/default/production/_ext/1360937237/main.o
endpoint_number     0x1               build/default/production/_ext/659838314/usb_device.o
inPipes             0x10              build/default/production/_ext/659838314/usb_device.o
pBDTEntryIn         0x14              build/default/production/_ext/659838314/usb_device.o
my_encoder_script_infos
                    0x90              build/default/production/_ext/1360937237/main.o
ep_data_out         0x5               build/default/production/_ext/659838314/usb_device.o
p_base_head         0x8               build/default/production/_ext/1360937237/l_flash.o
USBStatusStageEnabledFlag1
[...]
Memory Configuration

Name             Origin             Length             Attributes
kseg0_program_mem 0x9d006490         0x00009b70         xr
exception_mem    0x9d005000         0x00001000
debug_exec_mem   0x9fc00490         0x00000760
kseg0_boot_mem   0x9d005000         0x00000000
kseg1_boot_mem   0x9d006000         0x00000490
config3          0xbfc00bf0         0x00000004
config2          0xbfc00bf4         0x00000004
config1          0xbfc00bf8         0x00000004
config0          0xbfc00bfc         0x00000004
kseg1_data_mem   0xa0000000         0x00004000         w !x
sfrs             0xbf800000         0x00100000
configsfrs       0xbfc00bf0         0x00000010
*default*        0x00000000         0xffffffff

Linker script and memory map

LOAD c:/program files (x86)/microchip/xc32/v1.30/bin/../lib/gcc/pic32mx/4.5.2/../../../../pic32mx/lib/./proc/32MX230F064D/crt0_mips32r2.o
LOAD build/default/production/_ext/659838314/usb_device.o
LOAD build/default/production/_ext/659838314/usb_function_hid.o
LOAD build/default/production/_ext/1360937237/l_flash.o
LOAD build/default/production/_ext/1360937237/l_script.o
LOAD build/default/production/_ext/1360937237/l_spi.o
LOAD build/default/production/_ext/1360937237/l_timer.o
LOAD build/default/production/_ext/1360937237/main.o
LOAD build/default/production/_ext/1360937237/main_comm.o
LOAD build/default/production/_ext/1360937237/main_sub.o
LOAD build/default/production/_ext/1360937237/system_interrupt.o
LOAD build/default/production/_ext/1360937237/usb_descriptors.o
                0x00000001                __MPLAB_BUILD = 0x1
                0x00000400                PROVIDE (_min_stack_size, 0x400)
LOAD c:/program files (x86)/microchip/xc32/v1.30/bin/../lib/gcc/pic32mx/4.5.2/../../../../pic32mx/lib/./proc/32MX230F064D\processor.o
START GROUP
LOAD c:/program files (x86)/microchip/xc32/v1.30/bin/../lib/gcc/pic32mx/4.5.2/../../../../pic32mx/lib\libmchp_peripheral.a
END GROUP
START GROUP
LOAD c:/program files (x86)/microchip/xc32/v1.30/bin/../lib/gcc/pic32mx/4.5.2/../../../../pic32mx/lib\libmchp_peripheral_32MX230F064D.a
END GROUP
                0x00000001                PROVIDE (_vector_spacing, 0x1)
                0x9d005000                _ebase_address = 0x9d005000
                0x9d006000                _RESET_ADDR = 0x9d006000
                0x9d006380                _BEV_EXCPT_ADDR = 0x9d006380
                0x9d006480                _DBG_EXCPT_ADDR = 0x9d006480
                0x9fc00490                _DBG_CODE_ADDR = 0x9fc00490
                0x00000760                _DBG_CODE_SIZE = 0x760
                0x9d005180                _GEN_EXCPT_ADDR = (_ebase_address + 0x180)

.config_BFC00BF0
                0xbfc00bf0        0x4
 *(.config_BFC00BF0)
 .config_BFC00BF0
                0xbfc00bf0        0x4 build/default/production/_ext/1360937237/main.o

.config_BFC00BF4
                0xbfc00bf4        0x4
 *(.config_BFC00BF4)
 .config_BFC00BF4
                0xbfc00bf4        0x4 build/default/production/_ext/1360937237/main.o

.config_BFC00BF8
                0xbfc00bf8        0x4
 *(.config_BFC00BF8)
 .config_BFC00BF8
                0xbfc00bf8        0x4 build/default/production/_ext/1360937237/main.o

.config_BFC00BFC
                0xbfc00bfc        0x4
 *(.config_BFC00BFC)
 .config_BFC00BFC
                0xbfc00bfc        0x4 build/default/production/_ext/1360937237/main.o
                0xbfc02000                PROVIDE (_DBG_CODE_ADDR, 0xbfc02000)
                0x00000ff0                PROVIDE (_DBG_CODE_SIZE, 0xff0)

.reset          0x9d006000      0x1c4
 *(.reset)
 .reset         0x9d006000      0x1c4 c:/program files (x86)/microchip/xc32/v1.30/bin/../lib/gcc/pic32mx/4.5.2/../../../../pic32mx/lib/./proc/32MX230F064D/crt0_mips32r2.o
                0x9d006000                _reset
 *(.reset.startup)

.bev_excpt      0x9d006380       0x10
 *(.bev_handler)
 .bev_handler   0x9d006380       0x10 c:/program files (x86)/microchip/xc32/v1.30/bin/../lib/gcc/pic32mx/4.5.2/../../../../pic32mx/lib/./proc/32MX230F064D/crt0_mips32r2.o

.dbg_excpt      0x9d006480        0x0
                0x9d006480                . = (. + DEFINED (_DEBUGGER)?0x8:0x0)

.dbg_code       0x9fc00490        0x0
                0x9fc00490                . = (. + DEFINED (_DEBUGGER)?_DBG_CODE_SIZE:0x0)

.app_excpt      0x9d005180       0x10
 *(.gen_handler)
 .gen_handler   0x9d005180       0x10 c:/program files (x86)/microchip/xc32/v1.30/bin/../lib/gcc/pic32mx/4.5.2/../../../../pic32mx/lib/./proc/32MX230F064D/crt0_mips32r2.o

.vector_0       0x9d005200        0x0
 *(.vector_0)
                0x00000001                ASSERT (((_vector_spacing == 0x0) || (SIZEOF (.vector_0) <= (_vector_spacing << 0x5))), function at exception vector 0 too large)

.vector_1       0x9d005220        0x0
 *(.vector_1)
                0x00000001                ASSERT (((_vector_spacing == 0x0) || (SIZEOF (.vector_1) <= (_vector_spacing << 0x5))), function at exception vector 1 too large)

.vector_2       0x9d005240        0x0
 *(.vector_2)
                0x00000001                ASSERT (((_vector_spacing == 0x0) || (SIZEOF (.vector_2) <= (_vector_spacing << 0x5))), function at exception vector 2 too large)

.vector_3       0x9d005260        0x0
 *(.vector_3)
                0x00000001                ASSERT (((_vector_spacing == 0x0) || (SIZEOF (.vector_3) <= (_vector_spacing << 0x5))), function at exception vector 3 too large)

.vector_4       0x9d005280        0x8
 *(.vector_4)
 .vector_4      0x9d005280        0x8 build/default/production/_ext/1360937237/system_interrupt.o
                0x9d005280                __vector_dispatch_4
                0x00000001                ASSERT (((_vector_spacing == 0x0) || (SIZEOF (.vector_4) <= (_vector_spacing << 0x5))), function at exception vector 4 too large)

.vector_5       0x9d0052a0        0x0
 *(.vector_5)
                0x00000001                ASSERT (((_vector_spacing == 0x0) || (SIZEOF (.vector_5) <= (_vector_spacing << 0x5))), function at exception vector 5 too large)

.vector_6       0x9d0052c0        0x0
 *(.vector_6)
                0x00000001                ASSERT (((_vector_spacing == 0x0) || (SIZEOF (.vector_6) <= (_vector_spacing << 0x5))), function at exception vector 6 too large)

.vector_7       0x9d0052e0        0x0
 *(.vector_7)
                0x00000001                ASSERT (((_vector_spacing == 0x0) || (SIZEOF (.vector_7) <= (_vector_spacing << 0x5))), function at exception vector 7 too large)

.vector_8       0x9d005300        0x8
 *(.vector_8)
 .vector_8      0x9d005300        0x8 build/default/production/_ext/1360937237/system_interrupt.o
                0x9d005300                __vector_dispatch_8
                0x00000001                ASSERT (((_vector_spacing == 0x0) || (SIZEOF (.vector_8) <= (_vector_spacing << 0x5))), function at exception vector 8 too large)

.vector_9       0x9d005320        0x0
 *(.vector_9)
                0x00000001                ASSERT (((_vector_spacing == 0x0) || (SIZEOF (.vector_9) <= (_vector_spacing << 0x5))), function at exception vector 9 too large)

.vector_10      0x9d005340        0x0
 *(.vector_10)
                0x00000001                ASSERT (((_vector_spacing == 0x0) || (SIZEOF (.vector_10) <= (_vector_spacing << 0x5))), function at exception vector 10 too large)

.vector_11      0x9d005360        0x8
 *(.vector_11)
 .vector_11     0x9d005360        0x8 build/default/production/_ext/1360937237/system_interrupt.o
                0x9d005360                __vector_dispatch_11
                0x00000001                ASSERT (((_vector_spacing == 0x0) || (SIZEOF (.vector_11) <= (_vector_spacing << 0x5))), function at exception vector 11 too large)

.vector_12      0x9d005380        0x0
 *(.vector_12)
                0x00000001                ASSERT (((_vector_spacing == 0x0) || (SIZEOF (.vector_12) <= (_vector_spacing << 0x5))), function at exception vector 12 too large)

.vector_13      0x9d0053a0        0x0
 *(.vector_13)
                0x00000001                ASSERT (((_vector_spacing == 0x0) || (SIZEOF (.vector_13) <= (_vector_spacing << 0x5))), function at exception vector 13 too large)

.vector_14      0x9d0053c0        0x0
 *(.vector_14)
                0x00000001                ASSERT (((_vector_spacing == 0x0) || (SIZEOF (.vector_14) <= (_vector_spacing << 0x5))), function at exception vector 14 too large)

.vector_15      0x9d0053e0        0x0
 *(.vector_15)
                0x00000001                ASSERT (((_vector_spacing == 0x0) || (SIZEOF (.vector_15) <= (_vector_spacing << 0x5))), function at exception vector 15 too large)

.vector_16      0x9d005400        0x0
 *(.vector_16)
                0x00000001                ASSERT (((_vector_spacing == 0x0) || (SIZEOF (.vector_16) <= (_vector_spacing << 0x5))), function at exception vector 16 too large)

.vector_17      0x9d005420        0x0
 *(.vector_17)
                0x00000001                ASSERT (((_vector_spacing == 0x0) || (SIZEOF (.vector_17) <= (_vector_spacing << 0x5))), function at exception vector 17 too large)

.vector_18      0x9d005440        0x0
 *(.vector_18)
                0x00000001                ASSERT (((_vector_spacing == 0x0) || (SIZEOF (.vector_18) <= (_vector_spacing << 0x5))), function at exception vector 18 too large)

.vector_19      0x9d005460        0x8
 *(.vector_19)
 .vector_19     0x9d005460        0x8 build/default/production/_ext/1360937237/system_interrupt.o
                0x9d005460                __vector_dispatch_19
                0x00000001                ASSERT (((_vector_spacing == 0x0) || (SIZEOF (.vector_19) <= (_vector_spacing << 0x5))), function at exception vector 19 too large)

.vector_20      0x9d005480        0x0
 *(.vector_20)
                0x00000001                ASSERT (((_vector_spacing == 0x0) || (SIZEOF (.vector_20) <= (_vector_spacing << 0x5))), function at exception vector 20 too large)

.vector_21      0x9d0054a0        0x0
 *(.vector_21)
                0x00000001                ASSERT (((_vector_spacing == 0x0) || (SIZEOF (.vector_21) <= (_vector_spacing << 0x5))), function at exception vector 21 too large)

.vector_22      0x9d0054c0        0x0
 *(.vector_22)
                0x00000001                ASSERT (((_vector_spacing == 0x0) || (SIZEOF (.vector_22) <= (_vector_spacing << 0x5))), function at exception vector 22 too large)

.vector_23      0x9d0054e0        0x0
 *(.vector_23)
                0x00000001                ASSERT (((_vector_spacing == 0x0) || (SIZEOF (.vector_23) <= (_vector_spacing << 0x5))), function at exception vector 23 too large)

.vector_24      0x9d005500        0x0
 *(.vector_24)
                0x00000001                ASSERT (((_vector_spacing == 0x0) || (SIZEOF (.vector_24) <= (_vector_spacing << 0x5))), function at exception vector 24 too large)

.vector_25      0x9d005520        0x0
 *(.vector_25)
                0x00000001                ASSERT (((_vector_spacing == 0x0) || (SIZEOF (.vector_25) <= (_vector_spacing << 0x5))), function at exception vector 25 too large)

.vector_26      0x9d005540        0x0
 *(.vector_26)
                0x00000001                ASSERT (((_vector_spacing == 0x0) || (SIZEOF (.vector_26) <= (_vector_spacing << 0x5))), function at exception vector 26 too large)

.vector_27      0x9d005560        0x0
 *(.vector_27)
                0x00000001                ASSERT (((_vector_spacing == 0x0) || (SIZEOF (.vector_27) <= (_vector_spacing << 0x5))), function at exception vector 27 too large)

.vector_28      0x9d005580        0x0
 *(.vector_28)
                0x00000001                ASSERT (((_vector_spacing == 0x0) || (SIZEOF (.vector_28) <= (_vector_spacing << 0x5))), function at exception vector 28 too large)

.vector_29      0x9d0055a0        0x0
 *(.vector_29)
                0x00000001                ASSERT (((_vector_spacing == 0x0) || (SIZEOF (.vector_29) <= (_vector_spacing << 0x5))), function at exception vector 29 too large)

.vector_30      0x9d0055c0        0x0
 *(.vector_30)
                0x00000001                ASSERT (((_vector_spacing == 0x0) || (SIZEOF (.vector_30) <= (_vector_spacing << 0x5))), function at exception vector 30 too large)

.vector_31      0x9d0055e0        0x0
 *(.vector_31)
                0x00000001                ASSERT (((_vector_spacing == 0x0) || (SIZEOF (.vector_31) <= (_vector_spacing << 0x5))), function at exception vector 31 too large)

.vector_32      0x9d005600        0x0
 *(.vector_32)
                0x00000001                ASSERT (((_vector_spacing == 0x0) || (SIZEOF (.vector_32) <= (_vector_spacing << 0x5))), function at exception vector 32 too large)

.vector_33      0x9d005620        0x0
 *(.vector_33)
                0x00000001                ASSERT (((_vector_spacing == 0x0) || (SIZEOF (.vector_33) <= (_vector_spacing << 0x5))), function at exception vector 33 too large)

.vector_34      0x9d005640        0x0
 *(.vector_34)
                0x00000001                ASSERT (((_vector_spacing == 0x0) || (SIZEOF (.vector_34) <= (_vector_spacing << 0x5))), function at exception vector 34 too large)

.vector_35      0x9d005660        0x0
 *(.vector_35)
                0x00000001                ASSERT (((_vector_spacing == 0x0) || (SIZEOF (.vector_35) <= (_vector_spacing << 0x5))), function at exception vector 35 too large)

.vector_36      0x9d005680        0x0
 *(.vector_36)
                0x00000001                ASSERT (((_vector_spacing == 0x0) || (SIZEOF (.vector_36) <= (_vector_spacing << 0x5))), function at exception vector 36 too large)

.vector_37      0x9d0056a0        0x0
 *(.vector_37)
                0x00000001                ASSERT (((_vector_spacing == 0x0) || (SIZEOF (.vector_37) <= (_vector_spacing << 0x5))), function at exception vector 37 too large)

.vector_38      0x9d0056c0        0x0
 *(.vector_38)
                0x00000001                ASSERT (((_vector_spacing == 0x0) || (SIZEOF (.vector_38) <= (_vector_spacing << 0x5))), function at exception vector 38 too large)

.vector_39      0x9d0056e0        0x0
 *(.vector_39)
                0x00000001                ASSERT (((_vector_spacing == 0x0) || (SIZEOF (.vector_39) <= (_vector_spacing << 0x5))), function at exception vector 39 too large)

.vector_40      0x9d005700        0x0
 *(.vector_40)
                0x00000001                ASSERT (((_vector_spacing == 0x0) || (SIZEOF (.vector_40) <= (_vector_spacing << 0x5))), function at exception vector 40 too large)

.vector_41      0x9d005720        0x0
 *(.vector_41)
                0x00000001                ASSERT (((_vector_spacing == 0x0) || (SIZEOF (.vector_41) <= (_vector_spacing << 0x5))), function at exception vector 41 too large)

.vector_42      0x9d005740        0x0
 *(.vector_42)
                0x00000001                ASSERT (((_vector_spacing == 0x0) || (SIZEOF (.vector_42) <= (_vector_spacing << 0x5))), function at exception vector 42 too large)

.vector_43      0x9d005760        0x0
 *(.vector_43)
                0x00000001                ASSERT (((_vector_spacing == 0x0) || (SIZEOF (.vector_43) <= (_vector_spacing << 0x5))), function at exception vector 43 too large)

.vector_44      0x9d005780        0x0
 *(.vector_44)
                0x00000001                ASSERT (((_vector_spacing == 0x0) || (SIZEOF (.vector_44) <= (_vector_spacing << 0x5))), function at exception vector 44 too large)

.vector_45      0x9d0057a0        0x0
 *(.vector_45)
                0x00000001                ASSERT (((_vector_spacing == 0x0) || (SIZEOF (.vector_45) <= (_vector_spacing << 0x5))), function at exception vector 45 too large)

.vector_46      0x9d0057c0        0x0
 *(.vector_46)
                0x00000001                ASSERT (((_vector_spacing == 0x0) || (SIZEOF (.vector_46) <= (_vector_spacing << 0x5))), function at exception vector 46 too large)

.vector_47      0x9d0057e0        0x0
 *(.vector_47)
                0x00000001                ASSERT (((_vector_spacing == 0x0) || (SIZEOF (.vector_47) <= (_vector_spacing << 0x5))), function at exception vector 47 too large)

.vector_48      0x9d005800        0x0
 *(.vector_48)
                0x00000001                ASSERT (((_vector_spacing == 0x0) || (SIZEOF (.vector_48) <= (_vector_spacing << 0x5))), function at exception vector 48 too large)

.vector_49      0x9d005820        0x0
 *(.vector_49)
                0x00000001                ASSERT (((_vector_spacing == 0x0) || (SIZEOF (.vector_49) <= (_vector_spacing << 0x5))), function at exception vector 49 too large)

.vector_50      0x9d005840        0x0
 *(.vector_50)
                0x00000001                ASSERT (((_vector_spacing == 0x0) || (SIZEOF (.vector_50) <= (_vector_spacing << 0x5))), function at exception vector 50 too large)

.vector_51      0x9d005860        0x0
 *(.vector_51)
                0x00000001                ASSERT (((_vector_spacing == 0x0) || (SIZEOF (.vector_51) <= (_vector_spacing << 0x5))), function at exception vector 51 too large)

.vector_52      0x9d005880        0x0
 *(.vector_52)
                0x00000001                ASSERT (((_vector_spacing == 0x0) || (SIZEOF (.vector_52) <= (_vector_spacing << 0x5))), function at exception vector 52 too large)

.vector_53      0x9d0058a0        0x0
 *(.vector_53)
                0x00000001                ASSERT (((_vector_spacing == 0x0) || (SIZEOF (.vector_53) <= (_vector_spacing << 0x5))), function at exception vector 53 too large)

.vector_54      0x9d0058c0        0x0
 *(.vector_54)
                0x00000001                ASSERT (((_vector_spacing == 0x0) || (SIZEOF (.vector_54) <= (_vector_spacing << 0x5))), function at exception vector 54 too large)

.vector_55      0x9d0058e0        0x0
 *(.vector_55)
                0x00000001                ASSERT (((_vector_spacing == 0x0) || (SIZEOF (.vector_55) <= (_vector_spacing << 0x5))), function at exception vector 55 too large)

.vector_56      0x9d005900        0x0
 *(.vector_56)
                0x00000001                ASSERT (((_vector_spacing == 0x0) || (SIZEOF (.vector_56) <= (_vector_spacing << 0x5))), function at exception vector 56 too large)

.vector_57      0x9d005920        0x0
 *(.vector_57)
                0x00000001                ASSERT (((_vector_spacing == 0x0) || (SIZEOF (.vector_57) <= (_vector_spacing << 0x5))), function at exception vector 57 too large)

.vector_58      0x9d005940        0x0
 *(.vector_58)
                0x00000001                ASSERT (((_vector_spacing == 0x0) || (SIZEOF (.vector_58) <= (_vector_spacing << 0x5))), function at exception vector 58 too large)

.vector_59      0x9d005960        0x0
 *(.vector_59)
                0x00000001                ASSERT (((_vector_spacing == 0x0) || (SIZEOF (.vector_59) <= (_vector_spacing << 0x5))), function at exception vector 59 too large)

.vector_60      0x9d005980        0x0
 *(.vector_60)
                0x00000001                ASSERT (((_vector_spacing == 0x0) || (SIZEOF (.vector_60) <= (_vector_spacing << 0x5))), function at exception vector 60 too large)

.vector_61      0x9d0059a0        0x0
 *(.vector_61)
                0x00000001                ASSERT (((_vector_spacing == 0x0) || (SIZEOF (.vector_61) <= (_vector_spacing << 0x5))), function at exception vector 61 too large)

.vector_62      0x9d0059c0        0x0
 *(.vector_62)
                0x00000001                ASSERT (((_vector_spacing == 0x0) || (SIZEOF (.vector_62) <= (_vector_spacing << 0x5))), function at exception vector 62 too large)

.vector_63      0x9d0059e0        0x0
 *(.vector_63)
                0x00000001                ASSERT (((_vector_spacing == 0x0) || (SIZEOF (.vector_63) <= (_vector_spacing << 0x5))), function at exception vector 63 too large)

.startup
 *(.startup)

.text           0x9d006490        0x0
 *(.stub .gnu.linkonce.t.*)
 *(.text.*personality*)
 *(.mips16.fn.*)
 *(.mips16.call.*)
 *(.gnu.warning)
                0x9d006490                . = ALIGN (0x4)

.init           0x9d006490        0x0
 *crti.o(.init)
 *crtbegin.o(.init)
 *(EXCLUDE_FILE(*crtn.o *crtend?.o *crtend.o) .init)
 *crtend.o(.init)
 *crtn.o(.init)
                0x9d006490                . = ALIGN (0x4)

.fini           0x9d006490        0x0
 *(.fini)
                0x9d006490                . = ALIGN (0x4)

.preinit_array  0x9d006490        0x0
                0x9d006490                PROVIDE (__preinit_array_start, .)
 *(.preinit_array)
                0x9d006490                PROVIDE (__preinit_array_end, .)
                0x9d006490                . = ALIGN (0x4)

.init_array     0x9d006490        0x0
                0x9d006490                PROVIDE (__init_array_start, .)
 *(SORT(.init_array.*))
 *(.init_array)
                0x9d006490                PROVIDE (__init_array_end, .)
                0x9d006490                . = ALIGN (0x4)

.fini_array     0x9d006490        0x0
                0x9d006490                PROVIDE (__fini_array_start, .)
 *(SORT(.fini_array.*))
 *(.fini_array)
                0x9d006490                PROVIDE (__fini_array_end, .)
                0x9d006490                . = ALIGN (0x4)

.ctors          0x9d006490        0x0
 *crtbegin.o(.ctors)
 *crtbegin?.o(.ctors)
 *(EXCLUDE_FILE(*crtend?.o *crtend.o) .ctors)
 *(SORT(.ctors.*))
 *(.ctors)
                0x9d006490                . = ALIGN (0x4)

.dtors          0x9d006490        0x0
 *crtbegin.o(.dtors)
 *crtbegin?.o(.dtors)
 *(EXCLUDE_FILE(*crtend?.o *crtend.o) .dtors)
 *(SORT(.dtors.*))
 *(.dtors)
                0x9d006490                . = ALIGN (0x4)

.rodata         0x9d006490        0x0
 *(.gnu.linkonce.r.*)
 *(.rodata1)
                0x9d006490                . = ALIGN (0x4)

.sdata2         0x9d005000        0x0
 *(.sdata2 .sdata2.* .gnu.linkonce.s2.*)
                0x9d005000                . = ALIGN (0x4)

.sbss2          0x9d005000        0x0
 *(.sbss2 .sbss2.* .gnu.linkonce.sb2.*)
                0x9d005000                . = ALIGN (0x4)

.eh_frame_hdr
 *(.eh_frame_hdr)
                0x9d005000                . = ALIGN (0x4)

.eh_frame
 *(.eh_frame)
                0x9d005000                . = ALIGN (0x4)

.gcc_except_table
 *(.gcc_except_table .gcc_except_table.*)
                0x9d005000                . = ALIGN (0x4)

.dbg_data       0xa0000000        0x0
                0xa0000000                . = (. + DEFINED (_DEBUGGER)?0x200:0x0)

.jcr            0xa0000000        0x0
 *(.jcr)
                0xa0000000                . = ALIGN (0x4)

.eh_frame
 *(.eh_frame)
                0xa0000000                . = ALIGN (0x4)

.gcc_except_table
 *(.gcc_except_table .gcc_except_table.*)
                0xa0000000                . = ALIGN (0x4)

.persist        0xa0000000        0x0
                0xa0000000                _persist_begin = .
 *(.persist .persist.*)
 *(.pbss .pbss.*)
                0xa0000000                . = ALIGN (0x4)
                0xa0000000                _persist_end = .

.data           0xa0000000        0x0
 *(.gnu.linkonce.d.*)
 *(.data1)
                0xa0000000                . = ALIGN (0x4)
                0xa0000000                . = .
                0xa0007ff0                _gp = (ALIGN (0x10) + 0x7ff0)

.got            0xa0000000        0x0
 *(.got.plt)
 *(.got)
                0xa0000000                . = ALIGN (0x4)

.sdata          0xa0000000       0x14
                0xa0000000                _sdata_begin = .
 *(.sdata .sdata.* .gnu.linkonce.s.*)
 .sdata         0xa0000000       0x14 build/default/production/_ext/1360937237/main.o
                0xa0000000                c_version
                0xa0000008                joystick_default_value
                0xa000000f                set_type_move_sw_no
                0xa0000010                set_type_ws_sw_no
                0xa0000011                set_type_xy_sw_no
                0xa0000012                set_type_zrz_sw_no
                0xa0000013                set_type_hat_sw_no
                0xa0000014                . = ALIGN (0x4)
                0xa0000014                _sdata_end = .

.lit8
 *(.lit8)

.lit4
 *(.lit4)
                0xa0000014                . = ALIGN (0x4)
                0xa0000014                _data_end = .
                0xa0000014                _bss_begin = .

.sbss           0xa0000014      0x140
                0xa0000014                _sbss_begin = .
 *(.dynsbss)
 *(.sbss .sbss.* .gnu.linkonce.sb.*)
 .sbss          0xa0000014        0x1 build/default/production/_ext/1360937237/l_script.o
                0xa0000014                next_script_exe_req_scriptNo
 *fill*         0xa0000015        0x1 
 .sbss          0xa0000016        0x6 build/default/production/_ext/1360937237/l_timer.o
                0xa0000016                l_timer1_counter
                0xa0000018                l_timer2_counter
                0xa000001a                sw_input_counter
                0xa000001b                sw_input_flag
 .sbss          0xa000001c       0xac build/default/production/_ext/1360937237/main.o
                0xa000001c                mouse_input
                0xa0000020                joystick_input
                0xa0000028                keyboard_output
                0xa000002c                multimedia_input
                0xa0000030                mouse_buffer
                0xa0000034                mouse_buffer_pre
                0xa0000038                joystick_buffer
                0xa0000040                joystick_buffer_pre
                0xa0000048                multimedia_buffer
                0xa000004c                multimedia_buffer_pre
                0xa000004f                mouse_input_out_flag
                0xa0000050                joystick_input_out_flag
                0xa0000051                keyboard_input_out_flag
                0xa0000052                multimedia_input_out_flag
                0xa0000054                set_type_move_val
                0xa0000056                set_type_ws_val
                0xa0000058                set_type_xy_val
                0xa000005c                set_type_zrz_val
                0xa000005e                set_type_hat_val
                0xa000005f                keyboard_output_stop_by_macro
                0xa0000060                encoder_input_state
                0xa0000061                encoder_input_state_pre
                0xa0000062                encoder_input_cnt
                0xa0000063                encoder_input_fix_pre
                0xa0000064                encoder_input_puls_cw
                0xa0000065                encoder_input_puls_ccw
                0xa0000066                rotate_state
                0xa0000068                temp_input_sense_left
                0xa000006a                temp_input_sense_right
                0xa000006c                encoder_script_exe_now_idx
                0xa0000070                dial_function_enocder_disabled_time
                0xa0000072                number_input_up_down_flag
                0xa0000073                number_input_now_val
                0xa0000074                mode_no_set
                0xa0000075                mode_func_no_set
                0xa0000076                mode_no_fix
                0xa0000077                mode_func_no_fix
                0xa0000078                mode_no_pre_led
                0xa0000079                mode_func_no_pre_led
                0xa000007a                led_output_brightness_level_fix
                0xa000007c                led_output_fix
                0xa0000080                led_output_mode_fix
                0xa0000083                led_output_brightness_level_preview
                0xa0000084                led_output_preview
                0xa0000088                led_output_preview_time_counter
                0xa000008a                led_output_duty_count
                0xa000008b                led1_blink_flag
                0xa000008c                led1_blink_counter
                0xa000008e                led_change_flag_mode
                0xa000008f                led_change_flag_func
                0xa0000090                led_light_on_type
                0xa0000091                led_light_func_type
                0xa0000092                led_func_lighting_flag
                0xa0000093                led_light_on_type_temp_func
                0xa0000094                led_light_time_counter
                0xa0000098                led_light_status
                0xa000009c                timer1_counter
                0xa00000a0                timer2_counter
                0xa00000a4                mouse_w_click_status
                0xa00000a6                mouse_w_click_interval_counter
                0xa00000a8                flash_read_req_flag
                0xa00000a9                flash_write_req_flag
                0xa00000ac                USBOutHandle
                0xa00000b0                USBInHandle
                0xa00000b4                lastTransmission_Mouse
                0xa00000b8                lastTransmission_Joystick
                0xa00000bc                lastINTransmission_Keyboard
                0xa00000c0                lastOUTTransmission_Keyboard
                0xa00000c4                USB_Sleep_Flag
 .sbss          0xa00000c8        0x3 build/default/production/_ext/1360937237/main_comm.o
                0xa00000c8                key_code_new_add_write_idx
                0xa00000c9                key_code_new_add_read_idx
                0xa00000ca                key_code_new_add_full
 *(.scommon)
 *fill*         0xa00000cb        0x1 
 .scommon       0xa00000cc       0x64 build/default/production/_ext/659838314/usb_device.o
                0xa00000cc                pDst
                0xa00000d0                USBDeferINDataStagePackets
                0xa00000d4                CtrlTrfData
                0xa00000dc                USBDeferOUTDataStagePackets
                0xa00000e0                USBDeviceState
                0xa00000e4                controlTransferState
                0xa00000e5                endpoint_number
                0xa00000e8                ep_data_out
                0xa00000f0                USBStatusStageEnabledFlag1
                0xa00000f4                USBStatusStageEnabledFlag2
                0xa00000f8                BothEP0OutUOWNsSet
                0xa00000fc                pBDTEntryEP0OutNext
                0xa0000100                USBBusIsSuspended
                0xa0000104                USBStatusStageTimeoutCounter
                0xa0000108                SetupPkt
                0xa0000110                ep_data_in
                0xa0000115                shortPacketStatus
                0xa0000118                pBDTEntryEP0OutCurrent
                0xa000011c                USBActiveConfiguration
                0xa0000120                RemoteWakeup
                0xa0000124                USTATcopy
                0xa0000128                USBAlternateInterface
                0xa000012c                USBDeferStatusStagePacket
 .scommon       0xa0000130        0x2 build/default/production/_ext/659838314/usb_function_hid.o
                0xa0000130                active_protocol
                0xa0000131                idle_rate
 *fill*         0xa0000132        0x2 
 .scommon       0xa0000134       0x10 build/default/production/_ext/1360937237/l_flash.o
                0xa0000134                p_base_head
                0xa000013c                p_script_head
 .scommon       0xa0000144        0x8 build/default/production/_ext/1360937237/l_script.o
                0xa0000144                script_head
 .scommon       0xa000014c        0x8 build/default/production/_ext/1360937237/main.o
                0xa000014c                my_base_head
                0xa0000154                _sbss_end = .
                0xa0000154                . = ALIGN (0x4)

.bss            0xa0000200      0x800
 *(.dynbss)
 *(COMMON)
 COMMON         0xa0000200       0xe3 build/default/production/_ext/659838314/usb_device.o
                0xa0000200                BDT
                0xa00002a0                inPipes
                0xa00002b0                pBDTEntryIn
                0xa00002c4                pBDTEntryOut
                0xa00002d8                outPipes
 *fill*         0xa00002e3        0x1 
 COMMON         0xa00002e4      0x324 build/default/production/_ext/1360937237/l_flash.o
                0xa00002e4                p_base_infos
                0xa0000344                p_func_infos
                0xa0000464                p_encoder_script_infos
                0xa00004f4                p_script_info
                0xa0000500                p_sw_func_infos
 COMMON         0xa0000608       0x60 build/default/production/_ext/1360937237/l_script.o
                0xa0000608                script_exe_info
                0xa000065c                script_info
 COMMON         0xa0000668      0x398 build/default/production/_ext/1360937237/main.o
                0xa0000668                my_func_infos
                0xa0000788                my_sw_func_infos
                0xa0000890                my_encoder_script_infos
                0xa0000920                ReceivedDataBuffer
                0xa0000960                my_base_infos
                0xa00009c0                ToSendDataBuffer
                0xa0000a00                . = ALIGN ((. != 0x0)?0x4:0x1)
                0xa0000a00                . = ALIGN (0x4)
                0xa0000a00                _end = .
                0xa0000a00                _bss_end = .
                0x00004000                _bmxdudba_address = 0x4000
                0x00004000                _bmxdupba_address = 0x4000

/DISCARD/
 *(.pdr)
 *(.rel.dyn)
 *(.note.GNU-stack)
 *(.note.GNU-stack)
 *(.gnu_debuglink)
 *(.gnu.lto_*)
 *(.discard)
 *(._debug_exception)

.gptab.sdata
 *(.gptab.data)
 *(.gptab.sdata)

.gptab.sbss
 *(.gptab.bss)
 *(.gptab.sbss)

.mdebug.abi32   0xa0000a00        0x0
 *(.mdebug.abi32)
 .mdebug.abi32  0xa0000a00        0x0 build/default/production/_ext/659838314/usb_device.o
 .mdebug.abi32  0xa0000a00        0x0 build/default/production/_ext/659838314/usb_function_hid.o
 .mdebug.abi32  0xa0000a00        0x0 build/default/production/_ext/1360937237/l_flash.o
 .mdebug.abi32  0xa0000a00        0x0 build/default/production/_ext/1360937237/l_script.o
 .mdebug.abi32  0xa0000a00        0x0 build/default/production/_ext/1360937237/l_spi.o
 .mdebug.abi32  0xa0000a00        0x0 build/default/production/_ext/1360937237/l_timer.o
 .mdebug.abi32  0xa0000a00        0x0 build/default/production/_ext/1360937237/main.o
 .mdebug.abi32  0xa0000a00        0x0 build/default/production/_ext/1360937237/main_comm.o
 .mdebug.abi32  0xa0000a00        0x0 build/default/production/_ext/1360937237/main_sub.o
 .mdebug.abi32  0xa0000a00        0x0 build/default/production/_ext/1360937237/system_interrupt.o
 .mdebug.abi32  0xa0000a00        0x0 build/default/production/_ext/1360937237/usb_descriptors.o
 .mdebug.abi32  0xa0000a00        0x0 c:/program files (x86)/microchip/xc32/v1.30/bin/../lib/gcc/pic32mx/4.5.2/../../../../pic32mx/lib\libmchp_peripheral_32MX230F064D.a(int_enable_interrupts_lib.o)
 .mdebug.abi32  0xa0000a00        0x0 c:/program files (x86)/microchip/xc32/v1.30/bin/../lib/gcc/pic32mx/4.5.2/../../../../pic32mx/lib\libmchp_peripheral_32MX230F064D.a(int_tbl_lib.o)
 .mdebug.abi32  0xa0000a00        0x0 c:/program files (x86)/microchip/xc32/v1.30/bin/../lib/gcc/pic32mx/4.5.2/../../../../pic32mx/lib\libpic32.a(default-bootstrap-exception-handler.o)
 .mdebug.abi32  0xa0000a00        0x0 c:/program files (x86)/microchip/xc32/v1.30/bin/../lib/gcc/pic32mx/4.5.2/../../../../pic32mx/lib\libpic32.a(default-on-reset.o)
 .mdebug.abi32  0xa0000a00        0x0 c:/program files (x86)/microchip/xc32/v1.30/bin/../lib/gcc/pic32mx/4.5.2/../../../../pic32mx/lib\libpic32.a(default-on-bootstrap.o)
 .mdebug.abi32  0xa0000a00        0x0 c:/program files (x86)/microchip/xc32/v1.30/bin/../lib/gcc/pic32mx/4.5.2/../../../../pic32mx/lib\libpic32.a(default-general-exception-handler.o)

.mdebug.abiN32
 *(.mdebug.abiN32)

.mdebug.abi64
 *(.mdebug.abi64)

.mdebug.abiO64
 *(.mdebug.abiO64)

.mdebug.eabi32
 *(.mdebug.eabi32)

.mdebug.eabi64
 *(.mdebug.eabi64)

.gcc_compiled_long32
 *(.gcc_compiled_long32)

.gcc_compiled_long64
 *(.gcc_compiled_long64)

.stab
 *(.stab)

.stabstr
 *(.stabstr)

.stab.excl
 *(.stab.excl)

.stab.exclstr
 *(.stab.exclstr)

.stab.index
 *(.stab.index)

.stab.indexstr
 *(.stab.indexstr)

.comment        0x00000000       0xa9
 *(.comment)
 .comment       0x00000000       0x3c build/default/production/_ext/659838314/usb_device.o
                                 0x3d (size before relaxing)
 .comment       0x00000000       0x3d build/default/production/_ext/659838314/usb_function_hid.o
 .comment       0x00000000       0x3d build/default/production/_ext/1360937237/l_flash.o
 .comment       0x00000000       0x3d build/default/production/_ext/1360937237/l_script.o
 .comment       0x00000000       0x3d build/default/production/_ext/1360937237/l_spi.o
 .comment       0x00000000       0x3d build/default/production/_ext/1360937237/l_timer.o
 .comment       0x00000000       0x3d build/default/production/_ext/1360937237/main.o
 .comment       0x00000000       0x3d build/default/production/_ext/1360937237/main_comm.o
 .comment       0x00000000       0x3d build/default/production/_ext/1360937237/main_sub.o
 .comment       0x00000000       0x3d build/default/production/_ext/1360937237/system_interrupt.o
 .comment       0x00000000       0x3d build/default/production/_ext/1360937237/usb_descriptors.o
 .comment       0x0000003c       0x3c c:/program files (x86)/microchip/xc32/v1.30/bin/../lib/gcc/pic32mx/4.5.2/../../../../pic32mx/lib\libmchp_peripheral_32MX230F064D.a(int_enable_interrupts_lib.o)
                                 0x3d (size before relaxing)
 .comment       0x00000000       0x3d c:/program files (x86)/microchip/xc32/v1.30/bin/../lib/gcc/pic32mx/4.5.2/../../../../pic32mx/lib\libmchp_peripheral_32MX230F064D.a(int_tbl_lib.o)
 .comment       0x00000078       0x18 c:/program files (x86)/microchip/xc32/v1.30/bin/../lib/gcc/pic32mx/4.5.2/../../../../pic32mx/lib\libpic32.a(memset.o)
                                 0x19 (size before relaxing)
 .comment       0x00000090       0x19 c:/program files (x86)/microchip/xc32/v1.30/bin/../lib/gcc/pic32mx/4.5.2/../../../../pic32mx/lib\libpic32.a(strlen.o)
                                 0x1a (size before relaxing)
 .comment       0x00000000       0x3d c:/program files (x86)/microchip/xc32/v1.30/bin/../lib/gcc/pic32mx/4.5.2/../../../../pic32mx/lib\libpic32.a(default-bootstrap-exception-handler.o)
 .comment       0x00000000       0x3d c:/program files (x86)/microchip/xc32/v1.30/bin/../lib/gcc/pic32mx/4.5.2/../../../../pic32mx/lib\libpic32.a(default-on-reset.o)
 .comment       0x00000000       0x3d c:/program files (x86)/microchip/xc32/v1.30/bin/../lib/gcc/pic32mx/4.5.2/../../../../pic32mx/lib\libpic32.a(default-on-bootstrap.o)
 .comment       0x00000000       0x3d c:/program files (x86)/microchip/xc32/v1.30/bin/../lib/gcc/pic32mx/4.5.2/../../../../pic32mx/lib\libpic32.a(default-general-exception-handler.o)

.debug
 *(.debug)

.line
 *(.line)

.debug_srcinfo
 *(.debug_srcinfo)

.debug_sfnames
 *(.debug_sfnames)

.debug_aranges  0x00000000      0x240
 *(.debug_aranges)
 .debug_aranges
                0x00000000       0x20 build/default/production/_ext/659838314/usb_device.o
 .debug_aranges
                0x00000020       0x20 build/default/production/_ext/659838314/usb_function_hid.o
 .debug_aranges
                0x00000040       0x20 build/default/production/_ext/1360937237/l_flash.o
 .debug_aranges
                0x00000060       0x20 build/default/production/_ext/1360937237/l_script.o
 .debug_aranges
                0x00000080       0x20 build/default/production/_ext/1360937237/l_spi.o
 .debug_aranges
                0x000000a0       0x20 build/default/production/_ext/1360937237/l_timer.o
 .debug_aranges
                0x000000c0       0x20 build/default/production/_ext/1360937237/main.o
 .debug_aranges
                0x000000e0       0x20 build/default/production/_ext/1360937237/main_comm.o
 .debug_aranges
                0x00000100       0x20 build/default/production/_ext/1360937237/main_sub.o
 .debug_aranges
                0x00000120       0x20 build/default/production/_ext/1360937237/system_interrupt.o
 .debug_aranges
                0x00000140       0x20 c:/program files (x86)/microchip/xc32/v1.30/bin/../lib/gcc/pic32mx/4.5.2/../../../../pic32mx/lib\libmchp_peripheral_32MX230F064D.a(int_enable_interrupts_lib.o)
 .debug_aranges
                0x00000160       0x60 c:/program files (x86)/microchip/xc32/v1.30/bin/../lib/gcc/pic32mx/4.5.2/../../../../pic32mx/lib\libmchp_peripheral_32MX230F064D.a(int_tbl_lib.o)
 .debug_aranges
                0x000001c0       0x20 c:/program files (x86)/microchip/xc32/v1.30/bin/../lib/gcc/pic32mx/4.5.2/../../../../pic32mx/lib\libpic32.a(default-bootstrap-exception-handler.o)
 .debug_aranges
                0x000001e0       0x20 c:/program files (x86)/microchip/xc32/v1.30/bin/../lib/gcc/pic32mx/4.5.2/../../../../pic32mx/lib\libpic32.a(default-on-reset.o)
 .debug_aranges
                0x00000200       0x20 c:/program files (x86)/microchip/xc32/v1.30/bin/../lib/gcc/pic32mx/4.5.2/../../../../pic32mx/lib\libpic32.a(default-on-bootstrap.o)
 .debug_aranges
                0x00000220       0x20 c:/program files (x86)/microchip/xc32/v1.30/bin/../lib/gcc/pic32mx/4.5.2/../../../../pic32mx/lib\libpic32.a(default-general-exception-handler.o)

.debug_pubnames
                0x00000000     0x1a17
 *(.debug_pubnames)
 .debug_pubnames
                0x00000000      0x312 build/default/production/_ext/659838314/usb_device.o
 .debug_pubnames
                0x00000312       0x4b build/default/production/_ext/659838314/usb_function_hid.o
 .debug_pubnames
                0x0000035d      0x3b3 build/default/production/_ext/1360937237/l_flash.o
 .debug_pubnames
                0x00000710      0x1a6 build/default/production/_ext/1360937237/l_script.o
 .debug_pubnames
                0x000008b6       0x41 build/default/production/_ext/1360937237/l_spi.o
 .debug_pubnames
                0x000008f7       0xb3 build/default/production/_ext/1360937237/l_timer.o
 .debug_pubnames
                0x000009aa      0xa94 build/default/production/_ext/1360937237/main.o
 .debug_pubnames
                0x0000143e       0xa4 build/default/production/_ext/1360937237/main_comm.o
 .debug_pubnames
                0x000014e2      0x26a build/default/production/_ext/1360937237/main_sub.o
 .debug_pubnames
                0x0000174c       0x84 build/default/production/_ext/1360937237/system_interrupt.o
 .debug_pubnames
                0x000017d0       0xab build/default/production/_ext/1360937237/usb_descriptors.o
 .debug_pubnames
                0x0000187b       0x2a c:/program files (x86)/microchip/xc32/v1.30/bin/../lib/gcc/pic32mx/4.5.2/../../../../pic32mx/lib\libmchp_peripheral_32MX230F064D.a(int_enable_interrupts_lib.o)
 .debug_pubnames
                0x000018a5       0xca c:/program files (x86)/microchip/xc32/v1.30/bin/../lib/gcc/pic32mx/4.5.2/../../../../pic32mx/lib\libmchp_peripheral_32MX230F064D.a(int_tbl_lib.o)
 .debug_pubnames
                0x0000196f       0x33 c:/program files (x86)/microchip/xc32/v1.30/bin/../lib/gcc/pic32mx/4.5.2/../../../../pic32mx/lib\libpic32.a(default-bootstrap-exception-handler.o)
 .debug_pubnames
                0x000019a2       0x20 c:/program files (x86)/microchip/xc32/v1.30/bin/../lib/gcc/pic32mx/4.5.2/../../../../pic32mx/lib\libpic32.a(default-on-reset.o)
 .debug_pubnames
                0x000019c2       0x24 c:/program files (x86)/microchip/xc32/v1.30/bin/../lib/gcc/pic32mx/4.5.2/../../../../pic32mx/lib\libpic32.a(default-on-bootstrap.o)
 .debug_pubnames
                0x000019e6       0x31 c:/program files (x86)/microchip/xc32/v1.30/bin/../lib/gcc/pic32mx/4.5.2/../../../../pic32mx/lib\libpic32.a(default-general-exception-handler.o)

.debug_info     0x00000000    0x1a180
 *(.debug_info .gnu.linkonce.wi.*)
 .debug_info    0x00000000     0x378b build/default/production/_ext/659838314/usb_device.o
 .debug_info    0x0000378b     0x1b0d build/default/production/_ext/659838314/usb_function_hid.o
 .debug_info    0x00005298     0x28ed build/default/production/_ext/1360937237/l_flash.o
 .debug_info    0x00007b85     0x20ab build/default/production/_ext/1360937237/l_script.o
 .debug_info    0x00009c30     0x1b5f build/default/production/_ext/1360937237/l_spi.o
 .debug_info    0x0000b78f     0x2b98 build/default/production/_ext/1360937237/l_timer.o
 .debug_info    0x0000e327     0x360e build/default/production/_ext/1360937237/main.o
 .debug_info    0x00011935     0x2c69 build/default/production/_ext/1360937237/main_comm.o
 .debug_info    0x0001459e     0x3035 build/default/production/_ext/1360937237/main_sub.o
 .debug_info    0x000175d3      0xf8e build/default/production/_ext/1360937237/system_interrupt.o
 .debug_info    0x00018561     0x16a5 build/default/production/_ext/1360937237/usb_descriptors.o
 .debug_info    0x00019c06       0xb4 c:/program files (x86)/microchip/xc32/v1.30/bin/../lib/gcc/pic32mx/4.5.2/../../../../pic32mx/lib\libmchp_peripheral_32MX230F064D.a(int_enable_interrupts_lib.o)
 .debug_info    0x00019cba      0x196 c:/program files (x86)/microchip/xc32/v1.30/bin/../lib/gcc/pic32mx/4.5.2/../../../../pic32mx/lib\libmchp_peripheral_32MX230F064D.a(int_tbl_lib.o)
 .debug_info    0x00019e50       0xde c:/program files (x86)/microchip/xc32/v1.30/bin/../lib/gcc/pic32mx/4.5.2/../../../../pic32mx/lib\libpic32.a(default-bootstrap-exception-handler.o)
 .debug_info    0x00019f2e       0xb8 c:/program files (x86)/microchip/xc32/v1.30/bin/../lib/gcc/pic32mx/4.5.2/../../../../pic32mx/lib\libpic32.a(default-on-reset.o)
 .debug_info    0x00019fe6       0xc0 c:/program files (x86)/microchip/xc32/v1.30/bin/../lib/gcc/pic32mx/4.5.2/../../../../pic32mx/lib\libpic32.a(default-on-bootstrap.o)
 .debug_info    0x0001a0a6       0xda c:/program files (x86)/microchip/xc32/v1.30/bin/../lib/gcc/pic32mx/4.5.2/../../../../pic32mx/lib\libpic32.a(default-general-exception-handler.o)

.debug_abbrev   0x00000000     0x1bc8
 *(.debug_abbrev)
 .debug_abbrev  0x00000000      0x35a build/default/production/_ext/659838314/usb_device.o
 .debug_abbrev  0x0000035a      0x1e3 build/default/production/_ext/659838314/usb_function_hid.o
 .debug_abbrev  0x0000053d      0x339 build/default/production/_ext/1360937237/l_flash.o
 .debug_abbrev  0x00000876      0x2b8 build/default/production/_ext/1360937237/l_script.o
 .debug_abbrev  0x00000b2e      0x1bf build/default/production/_ext/1360937237/l_spi.o
 .debug_abbrev  0x00000ced      0x242 build/default/production/_ext/1360937237/l_timer.o
 .debug_abbrev  0x00000f2f      0x2ed build/default/production/_ext/1360937237/main.o
 .debug_abbrev  0x0000121c      0x2a5 build/default/production/_ext/1360937237/main_comm.o
 .debug_abbrev  0x000014c1      0x2d1 build/default/production/_ext/1360937237/main_sub.o
 .debug_abbrev  0x00001792      0x17b build/default/production/_ext/1360937237/system_interrupt.o
 .debug_abbrev  0x0000190d      0x1e5 build/default/production/_ext/1360937237/usb_descriptors.o
 .debug_abbrev  0x00001af2       0x25 c:/program files (x86)/microchip/xc32/v1.30/bin/../lib/gcc/pic32mx/4.5.2/../../../../pic32mx/lib\libmchp_peripheral_32MX230F064D.a(int_enable_interrupts_lib.o)
 .debug_abbrev  0x00001b17       0x25 c:/program files (x86)/microchip/xc32/v1.30/bin/../lib/gcc/pic32mx/4.5.2/../../../../pic32mx/lib\libmchp_peripheral_32MX230F064D.a(int_tbl_lib.o)
 .debug_abbrev  0x00001b3c       0x23 c:/program files (x86)/microchip/xc32/v1.30/bin/../lib/gcc/pic32mx/4.5.2/../../../../pic32mx/lib\libpic32.a(default-bootstrap-exception-handler.o)
 .debug_abbrev  0x00001b5f       0x23 c:/program files (x86)/microchip/xc32/v1.30/bin/../lib/gcc/pic32mx/4.5.2/../../../../pic32mx/lib\libpic32.a(default-on-reset.o)
 .debug_abbrev  0x00001b82       0x23 c:/program files (x86)/microchip/xc32/v1.30/bin/../lib/gcc/pic32mx/4.5.2/../../../../pic32mx/lib\libpic32.a(default-on-bootstrap.o)
 .debug_abbrev  0x00001ba5       0x23 c:/program files (x86)/microchip/xc32/v1.30/bin/../lib/gcc/pic32mx/4.5.2/../../../../pic32mx/lib\libpic32.a(default-general-exception-handler.o)

.debug_line     0x00000000     0x263d
 *(.debug_line)
 .debug_line    0x00000000      0x598 build/default/production/_ext/659838314/usb_device.o
 .debug_line    0x00000598      0x1ff build/default/production/_ext/659838314/usb_function_hid.o
 .debug_line    0x00000797      0x280 build/default/production/_ext/1360937237/l_flash.o
 .debug_line    0x00000a17      0x3ba build/default/production/_ext/1360937237/l_script.o
 .debug_line    0x00000dd1      0x180 build/default/production/_ext/1360937237/l_spi.o
 .debug_line    0x00000f51      0x282 build/default/production/_ext/1360937237/l_timer.o
 .debug_line    0x000011d3      0x330 build/default/production/_ext/1360937237/main.o
 .debug_line    0x00001503      0x557 build/default/production/_ext/1360937237/main_comm.o
 .debug_line    0x00001a5a      0x5b0 build/default/production/_ext/1360937237/main_sub.o
 .debug_line    0x0000200a      0x17a build/default/production/_ext/1360937237/system_interrupt.o
 .debug_line    0x00002184      0x1ab build/default/production/_ext/1360937237/usb_descriptors.o
 .debug_line    0x0000232f       0x72 c:/program files (x86)/microchip/xc32/v1.30/bin/../lib/gcc/pic32mx/4.5.2/../../../../pic32mx/lib\libmchp_peripheral_32MX230F064D.a(int_enable_interrupts_lib.o)
 .debug_line    0x000023a1       0x64 c:/program files (x86)/microchip/xc32/v1.30/bin/../lib/gcc/pic32mx/4.5.2/../../../../pic32mx/lib\libmchp_peripheral_32MX230F064D.a(int_tbl_lib.o)
 .debug_line    0x00002405       0x97 c:/program files (x86)/microchip/xc32/v1.30/bin/../lib/gcc/pic32mx/4.5.2/../../../../pic32mx/lib\libpic32.a(default-bootstrap-exception-handler.o)
 .debug_line    0x0000249c       0x84 c:/program files (x86)/microchip/xc32/v1.30/bin/../lib/gcc/pic32mx/4.5.2/../../../../pic32mx/lib\libpic32.a(default-on-reset.o)
 .debug_line    0x00002520       0x88 c:/program files (x86)/microchip/xc32/v1.30/bin/../lib/gcc/pic32mx/4.5.2/../../../../pic32mx/lib\libpic32.a(default-on-bootstrap.o)
 .debug_line    0x000025a8       0x95 c:/program files (x86)/microchip/xc32/v1.30/bin/../lib/gcc/pic32mx/4.5.2/../../../../pic32mx/lib\libpic32.a(default-general-exception-handler.o)

.debug_frame    0x00000000      0xc5c
 *(.debug_frame)
 .debug_frame   0x00000000       0xd8 build/default/production/_ext/659838314/usb_device.o
 .debug_frame   0x000000d8       0x20 build/default/production/_ext/659838314/usb_function_hid.o
 .debug_frame   0x000000f8      0x368 build/default/production/_ext/1360937237/l_flash.o
 .debug_frame   0x00000460      0x120 build/default/production/_ext/1360937237/l_script.o
 .debug_frame   0x00000580       0x40 build/default/production/_ext/1360937237/l_spi.o
 .debug_frame   0x000005c0       0x78 build/default/production/_ext/1360937237/l_timer.o
 .debug_frame   0x00000638      0x110 build/default/production/_ext/1360937237/main.o
 .debug_frame   0x00000748       0x28 build/default/production/_ext/1360937237/main_comm.o
 .debug_frame   0x00000770      0x27c build/default/production/_ext/1360937237/main_sub.o
 .debug_frame   0x000009ec      0x120 build/default/production/_ext/1360937237/system_interrupt.o
 .debug_frame   0x00000b0c       0x20 c:/program files (x86)/microchip/xc32/v1.30/bin/../lib/gcc/pic32mx/4.5.2/../../../../pic32mx/lib\libmchp_peripheral_32MX230F064D.a(int_enable_interrupts_lib.o)
 .debug_frame   0x00000b2c       0xa0 c:/program files (x86)/microchip/xc32/v1.30/bin/../lib/gcc/pic32mx/4.5.2/../../../../pic32mx/lib\libmchp_peripheral_32MX230F064D.a(int_tbl_lib.o)
 .debug_frame   0x00000bcc       0x28 c:/program files (x86)/microchip/xc32/v1.30/bin/../lib/gcc/pic32mx/4.5.2/../../../../pic32mx/lib\libpic32.a(default-bootstrap-exception-handler.o)
 .debug_frame   0x00000bf4       0x20 c:/program files (x86)/microchip/xc32/v1.30/bin/../lib/gcc/pic32mx/4.5.2/../../../../pic32mx/lib\libpic32.a(default-on-reset.o)
 .debug_frame   0x00000c14       0x20 c:/program files (x86)/microchip/xc32/v1.30/bin/../lib/gcc/pic32mx/4.5.2/../../../../pic32mx/lib\libpic32.a(default-on-bootstrap.o)
 .debug_frame   0x00000c34       0x28 c:/program files (x86)/microchip/xc32/v1.30/bin/../lib/gcc/pic32mx/4.5.2/../../../../pic32mx/lib\libpic32.a(default-general-exception-handler.o)

.debug_str      0x00000000     0x1cd3
 *(.debug_str)
 .debug_str     0x00000000      0x364 build/default/production/_ext/659838314/usb_device.o
 .debug_str     0x00000364      0x154 build/default/production/_ext/659838314/usb_function_hid.o
 .debug_str     0x000004b8      0x168 build/default/production/_ext/1360937237/l_flash.o
 .debug_str     0x00000620      0x13b build/default/production/_ext/1360937237/l_script.o
 .debug_str     0x0000075b      0x13a build/default/production/_ext/1360937237/l_spi.o
 .debug_str     0x00000895      0x2e6 build/default/production/_ext/1360937237/l_timer.o
 .debug_str     0x00000b7b      0x3d8 build/default/production/_ext/1360937237/main.o
 .debug_str     0x00000f53      0x583 build/default/production/_ext/1360937237/main_comm.o
 .debug_str     0x000014d6      0x608 build/default/production/_ext/1360937237/main_sub.o
 .debug_str     0x00001ade       0xe2 build/default/production/_ext/1360937237/system_interrupt.o
 .debug_str     0x00001bc0      0x113 build/default/production/_ext/1360937237/usb_descriptors.o
 .debug_str     0x00001cd3        0x0 c:/program files (x86)/microchip/xc32/v1.30/bin/../lib/gcc/pic32mx/4.5.2/../../../../pic32mx/lib\libmchp_peripheral_32MX230F064D.a(int_enable_interrupts_lib.o)
 .debug_str     0x00001cd3        0x0 c:/program files (x86)/microchip/xc32/v1.30/bin/../lib/gcc/pic32mx/4.5.2/../../../../pic32mx/lib\libmchp_peripheral_32MX230F064D.a(int_tbl_lib.o)
 .debug_str     0x00001cd3        0x0 c:/program files (x86)/microchip/xc32/v1.30/bin/../lib/gcc/pic32mx/4.5.2/../../../../pic32mx/lib\libpic32.a(default-bootstrap-exception-handler.o)
 .debug_str     0x00001cd3        0x0 c:/program files (x86)/microchip/xc32/v1.30/bin/../lib/gcc/pic32mx/4.5.2/../../../../pic32mx/lib\libpic32.a(default-on-reset.o)
 .debug_str     0x00001cd3        0x0 c:/program files (x86)/microchip/xc32/v1.30/bin/../lib/gcc/pic32mx/4.5.2/../../../../pic32mx/lib\libpic32.a(default-on-bootstrap.o)
 .debug_str     0x00001cd3        0x0 c:/program files (x86)/microchip/xc32/v1.30/bin/../lib/gcc/pic32mx/4.5.2/../../../../pic32mx/lib\libpic32.a(default-general-exception-handler.o)

.debug_loc      0x00000000     0x10e9
 *(.debug_loc)
 .debug_loc     0x00000000      0x1f0 build/default/production/_ext/659838314/usb_device.o
 .debug_loc     0x000001f0      0x436 build/default/production/_ext/1360937237/l_flash.o
 .debug_loc     0x00000626      0x2b7 build/default/production/_ext/1360937237/l_script.o
 .debug_loc     0x000008dd       0x4f build/default/production/_ext/1360937237/l_spi.o
 .debug_loc     0x0000092c       0x52 build/default/production/_ext/1360937237/l_timer.o
 .debug_loc     0x0000097e       0x7b build/default/production/_ext/1360937237/main.o
 .debug_loc     0x000009f9      0x104 build/default/production/_ext/1360937237/main_comm.o
 .debug_loc     0x00000afd      0x5ec build/default/production/_ext/1360937237/main_sub.o

.debug_macinfo
 *(.debug_macinfo)

.debug_weaknames
 *(.debug_weaknames)

.debug_funcnames
 *(.debug_funcnames)

.debug_typenames
 *(.debug_typenames)

.debug_varnames
 *(.debug_varnames)

.debug_pubtypes
                0x00000000     0x1293
 *(.debug_pubtypes)
 .debug_pubtypes
                0x00000000      0x285 build/default/production/_ext/659838314/usb_device.o
 .debug_pubtypes
                0x00000285      0x108 build/default/production/_ext/659838314/usb_function_hid.o
 .debug_pubtypes
                0x0000038d      0x223 build/default/production/_ext/1360937237/l_flash.o
 .debug_pubtypes
                0x000005b0      0x165 build/default/production/_ext/1360937237/l_script.o
 .debug_pubtypes
                0x00000715      0x155 build/default/production/_ext/1360937237/l_spi.o
 .debug_pubtypes
                0x0000086a      0x1a7 build/default/production/_ext/1360937237/l_timer.o
 .debug_pubtypes
                0x00000a11      0x284 build/default/production/_ext/1360937237/main.o
 .debug_pubtypes
                0x00000c95      0x237 build/default/production/_ext/1360937237/main_comm.o
 .debug_pubtypes
                0x00000ecc      0x206 build/default/production/_ext/1360937237/main_sub.o
 .debug_pubtypes
                0x000010d2       0xbd build/default/production/_ext/1360937237/system_interrupt.o
 .debug_pubtypes
                0x0000118f      0x104 build/default/production/_ext/1360937237/usb_descriptors.o

.debug_ranges   0x00000000       0x60
 *(.debug_ranges)
 .debug_ranges  0x00000000       0x10 c:/program files (x86)/microchip/xc32/v1.30/bin/../lib/gcc/pic32mx/4.5.2/../../../../pic32mx/lib\libmchp_peripheral_32MX230F064D.a(int_enable_interrupts_lib.o)
 .debug_ranges  0x00000010       0x50 c:/program files (x86)/microchip/xc32/v1.30/bin/../lib/gcc/pic32mx/4.5.2/../../../../pic32mx/lib\libmchp_peripheral_32MX230F064D.a(int_tbl_lib.o)

.gnu.attributes
                0x00000000       0x10
 *(.gnu.attributes)
 .gnu.attributes
                0x00000000       0x10 build/default/production/_ext/659838314/usb_device.o
 .gnu.attributes
                0x00000010       0x10 build/default/production/_ext/659838314/usb_function_hid.o
 .gnu.attributes
                0x00000020       0x10 build/default/production/_ext/1360937237/l_flash.o
 .gnu.attributes
                0x00000030       0x10 build/default/production/_ext/1360937237/l_script.o
 .gnu.attributes
                0x00000040       0x10 build/default/production/_ext/1360937237/l_spi.o
 .gnu.attributes
                0x00000050       0x10 build/default/production/_ext/1360937237/l_timer.o
 .gnu.attributes
                0x00000060       0x10 build/default/production/_ext/1360937237/main.o
 .gnu.attributes
                0x00000070       0x10 build/default/production/_ext/1360937237/main_comm.o
 .gnu.attributes
                0x00000080       0x10 build/default/production/_ext/1360937237/main_sub.o
 .gnu.attributes
                0x00000090       0x10 build/default/production/_ext/1360937237/system_interrupt.o
 .gnu.attributes
                0x000000a0       0x10 build/default/production/_ext/1360937237/usb_descriptors.o
 .gnu.attributes
                0x000000b0       0x10 c:/program files (x86)/microchip/xc32/v1.30/bin/../lib/gcc/pic32mx/4.5.2/../../../../pic32mx/lib\libmchp_peripheral_32MX230F064D.a(int_enable_interrupts_lib.o)
 .gnu.attributes
                0x000000c0       0x10 c:/program files (x86)/microchip/xc32/v1.30/bin/../lib/gcc/pic32mx/4.5.2/../../../../pic32mx/lib\libmchp_peripheral_32MX230F064D.a(int_tbl_lib.o)
 .gnu.attributes
                0x000000d0       0x10 c:/program files (x86)/microchip/xc32/v1.30/bin/../lib/gcc/pic32mx/4.5.2/../../../../pic32mx/lib\libpic32.a(default-bootstrap-exception-handler.o)
 .gnu.attributes
                0x000000e0       0x10 c:/program files (x86)/microchip/xc32/v1.30/bin/../lib/gcc/pic32mx/4.5.2/../../../../pic32mx/lib\libpic32.a(default-on-reset.o)
 .gnu.attributes
                0x000000f0       0x10 c:/program files (x86)/microchip/xc32/v1.30/bin/../lib/gcc/pic32mx/4.5.2/../../../../pic32mx/lib\libpic32.a(default-on-bootstrap.o)
 .gnu.attributes
                0x00000100       0x10 c:/program files (x86)/microchip/xc32/v1.30/bin/../lib/gcc/pic32mx/4.5.2/../../../../pic32mx/lib\libpic32.a(default-general-exception-handler.o)
LOAD c:/program files (x86)/microchip/xc32/v1.30/bin/../lib/gcc/pic32mx/4.5.2\libgcc.a
START GROUP
LOAD c:/program files (x86)/microchip/xc32/v1.30/bin/../lib/gcc/pic32mx/4.5.2/../../../../pic32mx/lib\libpic32.a
LOAD c:/program files (x86)/microchip/xc32/v1.30/bin/../lib/gcc/pic32mx/4.5.2/../../../../pic32mx/lib\libdebug.a
LOAD c:/program files (x86)/microchip/xc32/v1.30/bin/../lib/gcc/pic32mx/4.5.2/../../../../pic32mx/lib\libm.a
LOAD c:/program files (x86)/microchip/xc32/v1.30/bin/../lib/gcc/pic32mx/4.5.2/../../../../pic32mx/lib\libe.a
LOAD c:/program files (x86)/microchip/xc32/v1.30/bin/../lib/gcc/pic32mx/4.5.2/../../../../pic32mx/lib\libdsp.a
LOAD c:/program files (x86)/microchip/xc32/v1.30/bin/../lib/gcc/pic32mx/4.5.2\libgcc.a
LOAD c:/program files (x86)/microchip/xc32/v1.30/bin/../lib/gcc/pic32mx/4.5.2/../../../../pic32mx/lib\libpic32.a
LOAD c:/program files (x86)/microchip/xc32/v1.30/bin/../lib/gcc/pic32mx/4.5.2/../../../../pic32mx/lib\libc.a
LOAD c:/program files (x86)/microchip/xc32/v1.30/bin/../lib/gcc/pic32mx/4.5.2/../../../../pic32mx/lib\libpic32.a
END GROUP
LOAD c:/program files (x86)/microchip/xc32/v1.30/bin/../lib/gcc/pic32mx/4.5.2\libgcc.a
LOAD c:/program files (x86)/microchip/xc32/v1.30/bin/../lib/gcc/pic32mx/4.5.2/../../../../pic32mx/lib\debug-exception-return.o
OUTPUT(dist/default/production/PowerMate.X.production.elf elf32-tradlittlemips)
LOAD stack
LOAD data_init

.reginfo        0x00000000       0x18
 .reginfo       0x00000000       0x18 c:/program files (x86)/microchip/xc32/v1.30/bin/../lib/gcc/pic32mx/4.5.2/../../../../pic32mx/lib/./proc/32MX230F064D/crt0_mips32r2.o

.stack          0xa0000b70      0x400
 .stack         0xa0000b70      0x400 stack

.bss            0xa0000a00      0x144
 .bss           0xa0000a00      0x144 build/default/production/_ext/1360937237/main.o
                0xa0000a00                keyboard_input
                0xa0000a0c                keyboard_buffer
                0xa0000a18                keyboard_buffer_pre
                0xa0000a24                sw_now_fix
                0xa0000a34                sw_now_fix_pre
                0xa0000a44                sw_press_on_cnt
                0xa0000a54                sw_press_off_cnt
                0xa0000a64                sw_output_flag
                0xa0000a74                sw_output_multimedia_flag
                0xa0000a84                encoder_key_out_flag
                0xa0000a94                sw_func_out_flag
                0xa0000aa4                sw_output_mouse_first_flag
                0xa0000ab4                sw_output_joystick_first_flag
                0xa0000ac4                led_color_mode_default_data
                0xa0000ad0                led_color_func_default_data
                0xa0000af4                debug_arr1
                0xa0000b04                debug_arr2
                0xa0000b14                debug_arr3
                0xa0000b24                debug_array_w1

.bss            0xa0000154       0x1c
 .bss           0xa0000154       0x1c build/default/production/_ext/1360937237/main_comm.o
                0xa0000154                key_code_new_add
                0xa0000164                keyboard_buffer_temp

.data           0xa0000170        0xc
 .data          0xa0000170        0xc build/default/production/_ext/1360937237/main.o
                0xa0000170                number_input_usb_code

.bss%z1         0x00000000        0x0
 .bss           0x00000000        0x0 c:/program files (x86)/microchip/xc32/v1.30/bin/../lib/gcc/pic32mx/4.5.2/../../../../pic32mx/lib\debug-exception-return.o

.data%z2        0x00000000        0x0
 .data          0x00000000        0x0 c:/program files (x86)/microchip/xc32/v1.30/bin/../lib/gcc/pic32mx/4.5.2/../../../../pic32mx/lib\debug-exception-return.o

.bss%z3         0x00000000        0x0
 .bss           0x00000000        0x0 c:/program files (x86)/microchip/xc32/v1.30/bin/../lib/gcc/pic32mx/4.5.2/../../../../pic32mx/lib\libpic32.a(default-general-exception-handler.o)

.data%z4        0x00000000        0x0
 .data          0x00000000        0x0 c:/program files (x86)/microchip/xc32/v1.30/bin/../lib/gcc/pic32mx/4.5.2/../../../../pic32mx/lib\libpic32.a(default-general-exception-handler.o)

.bss%z5         0x00000000        0x0
 .bss           0x00000000        0x0 c:/program files (x86)/microchip/xc32/v1.30/bin/../lib/gcc/pic32mx/4.5.2/../../../../pic32mx/lib\libpic32.a(general-exception.o)

.data%z6        0x00000000        0x0
 .data          0x00000000        0x0 c:/program files (x86)/microchip/xc32/v1.30/bin/../lib/gcc/pic32mx/4.5.2/../../../../pic32mx/lib\libpic32.a(general-exception.o)

.bss%z7         0x00000000        0x0
 .bss           0x00000000        0x0 c:/program files (x86)/microchip/xc32/v1.30/bin/../lib/gcc/pic32mx/4.5.2/../../../../pic32mx/lib\libpic32.a(pic32_software_reset.o)

.data%z8        0x00000000        0x0
 .data          0x00000000        0x0 c:/program files (x86)/microchip/xc32/v1.30/bin/../lib/gcc/pic32mx/4.5.2/../../../../pic32mx/lib\libpic32.a(pic32_software_reset.o)

.bss%z9         0x00000000        0x0
 .bss           0x00000000        0x0 c:/program files (x86)/microchip/xc32/v1.30/bin/../lib/gcc/pic32mx/4.5.2/../../../../pic32mx/lib\libpic32.a(default-nmi-handler.o)

.data%z10       0x00000000        0x0
 .data          0x00000000        0x0 c:/program files (x86)/microchip/xc32/v1.30/bin/../lib/gcc/pic32mx/4.5.2/../../../../pic32mx/lib\libpic32.a(default-nmi-handler.o)

.bss%z11        0x00000000        0x0
 .bss           0x00000000        0x0 c:/program files (x86)/microchip/xc32/v1.30/bin/../lib/gcc/pic32mx/4.5.2/../../../../pic32mx/lib\libpic32.a(default-on-bootstrap.o)

.data%z12       0x00000000        0x0
 .data          0x00000000        0x0 c:/program files (x86)/microchip/xc32/v1.30/bin/../lib/gcc/pic32mx/4.5.2/../../../../pic32mx/lib\libpic32.a(default-on-bootstrap.o)

.bss%z13        0x00000000        0x0
 .bss           0x00000000        0x0 c:/program files (x86)/microchip/xc32/v1.30/bin/../lib/gcc/pic32mx/4.5.2/../../../../pic32mx/lib\libpic32.a(default-on-reset.o)

.data%z14       0x00000000        0x0
 .data          0x00000000        0x0 c:/program files (x86)/microchip/xc32/v1.30/bin/../lib/gcc/pic32mx/4.5.2/../../../../pic32mx/lib\libpic32.a(default-on-reset.o)

.bss%z15        0x00000000        0x0
 .bss           0x00000000        0x0 c:/program files (x86)/microchip/xc32/v1.30/bin/../lib/gcc/pic32mx/4.5.2/../../../../pic32mx/lib\libpic32.a(default-bootstrap-exception-handler.o)

.data%z16       0x00000000        0x0
 .data          0x00000000        0x0 c:/program files (x86)/microchip/xc32/v1.30/bin/../lib/gcc/pic32mx/4.5.2/../../../../pic32mx/lib\libpic32.a(default-bootstrap-exception-handler.o)

.bss%z17        0x00000000        0x0
 .bss           0x00000000        0x0 c:/program files (x86)/microchip/xc32/v1.30/bin/../lib/gcc/pic32mx/4.5.2/../../../../pic32mx/lib\libpic32.a(strlen.o)

.data%z18       0x00000000        0x0
 .data          0x00000000        0x0 c:/program files (x86)/microchip/xc32/v1.30/bin/../lib/gcc/pic32mx/4.5.2/../../../../pic32mx/lib\libpic32.a(strlen.o)

.bss%z19        0x00000000        0x0
 .bss           0x00000000        0x0 c:/program files (x86)/microchip/xc32/v1.30/bin/../lib/gcc/pic32mx/4.5.2/../../../../pic32mx/lib\libpic32.a(memset.o)

.data%z20       0x00000000        0x0
 .data          0x00000000        0x0 c:/program files (x86)/microchip/xc32/v1.30/bin/../lib/gcc/pic32mx/4.5.2/../../../../pic32mx/lib\libpic32.a(memset.o)

.bss%z21        0x00000000        0x0
 .bss           0x00000000        0x0 c:/program files (x86)/microchip/xc32/v1.30/bin/../lib/gcc/pic32mx/4.5.2/../../../../pic32mx/lib\libmchp_peripheral_32MX230F064D.a(int_tbl_lib.o)

.data%z22       0x00000000        0x0
 .data          0x00000000        0x0 c:/program files (x86)/microchip/xc32/v1.30/bin/../lib/gcc/pic32mx/4.5.2/../../../../pic32mx/lib\libmchp_peripheral_32MX230F064D.a(int_tbl_lib.o)

.bss%z23        0x00000000        0x0
 .bss           0x00000000        0x0 c:/program files (x86)/microchip/xc32/v1.30/bin/../lib/gcc/pic32mx/4.5.2/../../../../pic32mx/lib\libmchp_peripheral_32MX230F064D.a(int_enable_interrupts_lib.o)

.data%z24       0x00000000        0x0
 .data          0x00000000        0x0 c:/program files (x86)/microchip/xc32/v1.30/bin/../lib/gcc/pic32mx/4.5.2/../../../../pic32mx/lib\libmchp_peripheral_32MX230F064D.a(int_enable_interrupts_lib.o)

.bss%z25        0x00000000        0x0
 .bss           0x00000000        0x0 c:/program files (x86)/microchip/xc32/v1.30/bin/../lib/gcc/pic32mx/4.5.2/../../../../pic32mx/lib/./proc/32MX230F064D\processor.o

.data%z26       0x00000000        0x0
 .data          0x00000000        0x0 c:/program files (x86)/microchip/xc32/v1.30/bin/../lib/gcc/pic32mx/4.5.2/../../../../pic32mx/lib/./proc/32MX230F064D\processor.o

.bss%z27        0x00000000        0x0
 .bss           0x00000000        0x0 build/default/production/_ext/1360937237/usb_descriptors.o

.data%z28       0x00000000        0x0
 .data          0x00000000        0x0 build/default/production/_ext/1360937237/usb_descriptors.o

.bss%z29        0x00000000        0x0
 .bss           0x00000000        0x0 build/default/production/_ext/1360937237/system_interrupt.o

.data%z30       0x00000000        0x0
 .data          0x00000000        0x0 build/default/production/_ext/1360937237/system_interrupt.o

.bss%z31        0x00000000        0x0
 .bss           0x00000000        0x0 build/default/production/_ext/1360937237/main_sub.o

.data%z32       0x00000000        0x0
 .data          0x00000000        0x0 build/default/production/_ext/1360937237/main_sub.o

.data%z33       0x00000000        0x0
 .data          0x00000000        0x0 build/default/production/_ext/1360937237/main_comm.o

.bss%z34        0x00000000        0x0
 .bss           0x00000000        0x0 build/default/production/_ext/1360937237/l_timer.o

.data%z35       0x00000000        0x0
 .data          0x00000000        0x0 build/default/production/_ext/1360937237/l_timer.o

.bss%z36        0x00000000        0x0
 .bss           0x00000000        0x0 build/default/production/_ext/1360937237/l_spi.o

.data%z37       0x00000000        0x0
 .data          0x00000000        0x0 build/default/production/_ext/1360937237/l_spi.o

.bss%z38        0x00000000        0x0
 .bss           0x00000000        0x0 build/default/production/_ext/1360937237/l_script.o

.data%z39       0x00000000        0x0
 .data          0x00000000        0x0 build/default/production/_ext/1360937237/l_script.o

.bss%z40        0x00000000        0x0
 .bss           0x00000000        0x0 build/default/production/_ext/1360937237/l_flash.o

.data%z41       0x00000000        0x0
 .data          0x00000000        0x0 build/default/production/_ext/1360937237/l_flash.o

.bss%z42        0x00000000        0x0
 .bss           0x00000000        0x0 build/default/production/_ext/659838314/usb_function_hid.o

.data%z43       0x00000000        0x0
 .data          0x00000000        0x0 build/default/production/_ext/659838314/usb_function_hid.o

.bss%z44        0x00000000        0x0
 .bss           0x00000000        0x0 build/default/production/_ext/659838314/usb_device.o

.data%z45       0x00000000        0x0
 .data          0x00000000        0x0 build/default/production/_ext/659838314/usb_device.o

.bss%z46        0x00000000        0x0
 .bss           0x00000000        0x0 c:/program files (x86)/microchip/xc32/v1.30/bin/../lib/gcc/pic32mx/4.5.2/../../../../pic32mx/lib/./proc/32MX230F064D/crt0_mips32r2.o

.data%z47       0x00000000        0x0
 .data          0x00000000        0x0 c:/program files (x86)/microchip/xc32/v1.30/bin/../lib/gcc/pic32mx/4.5.2/../../../../pic32mx/lib/./proc/32MX230F064D/crt0_mips32r2.o

.text           0x9d006490     0x8508
 .text          0x9d006490     0x2378 build/default/production/_ext/1360937237/main_sub.o
                0x9d006490                Soft_Delay
                0x9d0064cc                Switch_Input
                0x9d006c98                Encoder_Input
                0x9d006f70                mouse_buff_set
                0x9d00707c                keyboard_buff_set
                0x9d007168                multimedia_buff_set
                0x9d0072b0                joystick_buff_set
                0x9d007404                Get_SW_Input_Output_Status
                0x9d007450                SW_Output_Mouse
                0x9d0075d4                SW_Output_Keyboard
                0x9d007704                SW_Output_Multimedia
                0x9d0077e0                SW_Output_Joystick
                0x9d00799c                Get_Encoder_Output_Status
                0x9d0079e8                Encoder_Output_Mouse
                0x9d007af8                Encoder_Output_Keyboard
                0x9d007c64                Encoder_Output_Multimedia
                0x9d007d98                Encoder_Output_Joystick
                0x9d007ea8                Encoder_Output_Script
                0x9d008274                Set_Base_Head
                0x9d008304                Set_Base_Info
                0x9d008418                Set_Func_Info
                0x9d008560                Set_EncoderScript_Info
                0x9d0085d8                Set_SW_Func_Info
                0x9d008648                set_LED
                0x9d0086bc                set_LED_output_data
                0x9d0087d8                Int2_Task_ISR
                0x9d0087f0                Int4_Task_ISR
 .text          0x9d008808     0x1f54 build/default/production/_ext/659838314/usb_device.o
                0x9d00898c                USBDeviceInit
                0x9d008ba8                USBEnableEndpoint
                0x9d008c14                USBTransferOnePacket
                0x9d008d4c                USBStallEndpoint
                0x9d008e50                USBCancelIO
                0x9d009024                USBCtrlEPAllowStatusStage
                0x9d009170                USBCtrlEPAllowDataStage
                0x9d009294                USBDeviceTasks
 .text          0x9d00a75c     0x1acc build/default/production/_ext/1360937237/main_comm.o
                0x9d00a75c                USB_Comm
 .text          0x9d00c228     0x1124 build/default/production/_ext/1360937237/l_script.o
                0x9d00c228                Set_Script_Exe_Info
                0x9d00c2d4                Script_Buff_Clr
                0x9d00c39c                Script_Exe_Info_Clr
                0x9d00c3fc                Script_Reset
                0x9d00c44c                Get_Next_Script_Data
                0x9d00c5b0                Set_USB_Send_Code
                0x9d00ce8c                Get_Script_Output_Status
                0x9d00ceac                Script_Run
                0x9d00cefc                Script_Stop
                0x9d00cf0c                Get_Next_Script_Command
                0x9d00d27c                Script_Fire_Mode_Stop
                0x9d00d2cc                Script_Hold_Mode_Stop
                0x9d00d31c                Get_Exe_Script_No
                0x9d00d340                Get_Script_Attribute
 .text          0x9d00d34c      0x8f8 build/default/production/_ext/1360937237/l_flash.o
                0x9d00d34c                flash_send_adr
                0x9d00d384                flash_wrsr
                0x9d00d3dc                flash_write_byte
                0x9d00d448                flash_write_word
                0x9d00d488                flash_rdsr
                0x9d00d4e0                flash_busy
                0x9d00d544                flash_wait_wip
                0x9d00d594                flash_read_byte
                0x9d00d608                flash_read_word
                0x9d00d64c                flash_read_adr
                0x9d00d69c                flash_wren
                0x9d00d6e0                flash_wrdi
                0x9d00d724                flash_sector_erase_low
                0x9d00d77c                flash_continuous_start
                0x9d00d794                flash_continuous_end
                0x9d00d7b0                flash_continuous_write
                0x9d00d7e0                flash_continuous_read
                0x9d00d810                flash_continuous_access_w
                0x9d00d82c                flash_continuous_access_r
                0x9d00d848                flash_unprotected
                0x9d00d874                flash_protect
                0x9d00d8a0                flash_sector_erase
                0x9d00d8d4                flash_n_write
                0x9d00d94c                flash_n_read
                0x9d00d9b8                u_BaseHead_buffClr
                0x9d00d9dc                u_BaseInfo_buffClr
                0x9d00d9fc                u_FuncInfo_buffClr
                0x9d00da1c                u_EncoderScriptInfo_buffClr
                0x9d00da3c                u_ScriptHead_buffClr
                0x9d00da60                u_ScriptInfo_buffClr
                0x9d00da80                u_GetBaseHead
                0x9d00daa8                u_GetBaseInfo
                0x9d00dae0                u_GetFuncInfo
                0x9d00db38                u_GetEncoderScriptInfo
                0x9d00db74                u_GetSWFuncInfo
                0x9d00dbcc                u_GetScriptHead
                0x9d00dbf4                u_GetScriptInfo
 .text          0x9d00dc44      0x79c build/default/production/_ext/1360937237/main.o
                0x9d00dc44                UserInit
                0x9d00e014                ProcessIO
                0x9d00e208                main
                0x9d00e238                USBCBSuspend
                0x9d00e244                USBCBWakeFromSuspend
                0x9d00e24c                USBCB_SOF_Handler
                0x9d00e254                USBCBErrorHandler
                0x9d00e25c                USBCBCheckOtherReq
                0x9d00e278                USBCBStdSetDscHandler
                0x9d00e280                USBCBInitEP
                0x9d00e2f8                USBCBSendResume
                0x9d00e378                USER_USB_CALLBACK_EVENT_HANDLER
 .text          0x9d00e3e0      0x5b8 build/default/production/_ext/1360937237/l_timer.o
                0x9d00e3e0                timer1_init
                0x9d00e474                timer2_init
                0x9d00e508                timer4_init
                0x9d00e578                Timer1_Task
                0x9d00e650                Timer2_Task

.rodata         0x9d00e998      0x558
 .rodata        0x9d00e998      0x558 c:/program files (x86)/microchip/xc32/v1.30/bin/../lib/gcc/pic32mx/4.5.2/../../../../pic32mx/lib\libmchp_peripheral_32MX230F064D.a(int_tbl_lib.o)
                0x9d00e998                __IntSrcTbl
                0x9d00ece0                __IntVectorTbl

.text           0x9d00eef0      0x6e0
 .text          0x9d00eef0      0x440 build/default/production/_ext/1360937237/system_interrupt.o
                0x9d00eef0                _InterruptHandler_Timer1
                0x9d00f000                _InterruptHandler_Timer2
                0x9d00f110                _InterruptHandler_IRIN2
                0x9d00f220                _InterruptHandler_IRIN4
 .text          0x9d00f330      0x2a0 build/default/production/_ext/659838314/usb_function_hid.o
                0x9d00f330                USBCheckHIDRequest

.rodata         0x9d00f5d0      0x204
 .rodata        0x9d00f5d0      0x204 build/default/production/_ext/1360937237/usb_descriptors.o
                0x9d00f5d0                device_dsc
                0x9d00f5e4                configDescriptor1
                0x9d00f668                sd000
                0x9d00f66c                sd001
                0x9d00f698                sd002
                0x9d00f6b0                hid_rpt01
                0x9d00f724                hid_rpt02
                0x9d00f758                hid_rpt03
                0x9d00f7a4                hid_rpt04
                0x9d00f7c4                USB_CD_Ptr
                0x9d00f7c8                USB_SD_Ptr

.text           0x9d00f7d4      0x2cc
 .text          0x9d00f7d4      0x168 c:/program files (x86)/microchip/xc32/v1.30/bin/../lib/gcc/pic32mx/4.5.2/../../../../pic32mx/lib\libpic32.a(strlen.o)
                0x9d00f7d4                strlen
 .text          0x9d00f93c      0x164 build/default/production/_ext/1360937237/l_spi.o
                0x9d00f93c                l_spi1_init
                0x9d00f9b4                l_WriteSPI1
                0x9d00fa34                l_ReadSPI1

.text.general_exception
                0x9d00faa0       0xdc
 .text.general_exception
                0x9d00faa0       0xdc c:/program files (x86)/microchip/xc32/v1.30/bin/../lib/gcc/pic32mx/4.5.2/../../../../pic32mx/lib\libpic32.a(general-exception.o)
                0x9d00faa0                _general_exception_context

.dinit          0x9d00fb7c       0xc0
 .dinit         0x9d00fb7c       0xc0 data_init

.text           0x9d00fc3c       0xa8
 .text          0x9d00fc3c       0xa8 c:/program files (x86)/microchip/xc32/v1.30/bin/../lib/gcc/pic32mx/4.5.2/../../../../pic32mx/lib\libpic32.a(memset.o)
                0x9d00fc3c                memset

.text.INTEnable
                0x9d00fce4       0x50
 .text.INTEnable
                0x9d00fce4       0x50 c:/program files (x86)/microchip/xc32/v1.30/bin/../lib/gcc/pic32mx/4.5.2/../../../../pic32mx/lib\libmchp_peripheral_32MX230F064D.a(int_tbl_lib.o)
                0x9d00fce4                INTEnable

.text.main_entry
                0x9d00fd34       0x4c
 .text.main_entry
                0x9d00fd34       0x4c c:/program files (x86)/microchip/xc32/v1.30/bin/../lib/gcc/pic32mx/4.5.2/../../../../pic32mx/lib/./proc/32MX230F064D/crt0_mips32r2.o
                0x9d00fd60                __crt0_exit

.text           0x9d00fd80       0x44
 .text          0x9d00fd80       0x44 c:/program files (x86)/microchip/xc32/v1.30/bin/../lib/gcc/pic32mx/4.5.2/../../../../pic32mx/lib\libpic32.a(pic32_software_reset.o)
                0x9d00fd80                __pic32_software_reset

.text.INTSetVectorPriority
                0x9d00fdc4       0x38
 .text.INTSetVectorPriority
                0x9d00fdc4       0x38 c:/program files (x86)/microchip/xc32/v1.30/bin/../lib/gcc/pic32mx/4.5.2/../../../../pic32mx/lib\libmchp_peripheral_32MX230F064D.a(int_tbl_lib.o)
                0x9d00fdc4                INTSetVectorPriority

.text.INTSetVectorSubPriority
                0x9d00fdfc       0x38
 .text.INTSetVectorSubPriority
                0x9d00fdfc       0x38 c:/program files (x86)/microchip/xc32/v1.30/bin/../lib/gcc/pic32mx/4.5.2/../../../../pic32mx/lib\libmchp_peripheral_32MX230F064D.a(int_tbl_lib.o)
                0x9d00fdfc                INTSetVectorSubPriority

.text._bootstrap_exception_handler
                0x9d00fe34       0x38
 .text._bootstrap_exception_handler
                0x9d00fe34       0x38 c:/program files (x86)/microchip/xc32/v1.30/bin/../lib/gcc/pic32mx/4.5.2/../../../../pic32mx/lib\libpic32.a(default-bootstrap-exception-handler.o)
                0x9d00fe34                _bootstrap_exception_handler

.text._general_exception_handler
                0x9d00fe6c       0x38
 .text._general_exception_handler
                0x9d00fe6c       0x38 c:/program files (x86)/microchip/xc32/v1.30/bin/../lib/gcc/pic32mx/4.5.2/../../../../pic32mx/lib\libpic32.a(default-general-exception-handler.o)
                0x9d00fe6c                _general_exception_handler

.text.INTGetVectorPriority
                0x9d00fea4       0x2c
 .text.INTGetVectorPriority
                0x9d00fea4       0x2c c:/program files (x86)/microchip/xc32/v1.30/bin/../lib/gcc/pic32mx/4.5.2/../../../../pic32mx/lib\libmchp_peripheral_32MX230F064D.a(int_tbl_lib.o)
                0x9d00fea4                INTGetVectorPriority

.text.INTGetVectorSubPriority
                0x9d00fed0       0x2c
 .text.INTGetVectorSubPriority
                0x9d00fed0       0x2c c:/program files (x86)/microchip/xc32/v1.30/bin/../lib/gcc/pic32mx/4.5.2/../../../../pic32mx/lib\libmchp_peripheral_32MX230F064D.a(int_tbl_lib.o)
                0x9d00fed0                INTGetVectorSubPriority

.text.INTClearFlag
                0x9d00fefc       0x28
 .text.INTClearFlag
                0x9d00fefc       0x28 c:/program files (x86)/microchip/xc32/v1.30/bin/../lib/gcc/pic32mx/4.5.2/../../../../pic32mx/lib\libmchp_peripheral_32MX230F064D.a(int_tbl_lib.o)
                0x9d00fefc                INTClearFlag

.text.INTSetFlag
                0x9d00ff24       0x28
 .text.INTSetFlag
                0x9d00ff24       0x28 c:/program files (x86)/microchip/xc32/v1.30/bin/../lib/gcc/pic32mx/4.5.2/../../../../pic32mx/lib\libmchp_peripheral_32MX230F064D.a(int_tbl_lib.o)
                0x9d00ff24                INTSetFlag

.text.INTGetFlag
                0x9d00ff4c       0x28
 .text.INTGetFlag
                0x9d00ff4c       0x28 c:/program files (x86)/microchip/xc32/v1.30/bin/../lib/gcc/pic32mx/4.5.2/../../../../pic32mx/lib\libmchp_peripheral_32MX230F064D.a(int_tbl_lib.o)
                0x9d00ff4c                INTGetFlag

.text.INTGetEnable
                0x9d00ff74       0x28
 .text.INTGetEnable
                0x9d00ff74       0x28 c:/program files (x86)/microchip/xc32/v1.30/bin/../lib/gcc/pic32mx/4.5.2/../../../../pic32mx/lib\libmchp_peripheral_32MX230F064D.a(int_tbl_lib.o)
                0x9d00ff74                INTGetEnable

.text           0x9d00ff9c       0x18
 .text          0x9d00ff9c       0x18 c:/program files (x86)/microchip/xc32/v1.30/bin/../lib/gcc/pic32mx/4.5.2/../../../../pic32mx/lib\libpic32.a(default-nmi-handler.o)
                0x9d00ff9c                _nmi_handler

.text.INTEnableInterrupts
                0x9d00ffb4        0x8
 .text.INTEnableInterrupts
                0x9d00ffb4        0x8 c:/program files (x86)/microchip/xc32/v1.30/bin/../lib/gcc/pic32mx/4.5.2/../../../../pic32mx/lib\libmchp_peripheral_32MX230F064D.a(int_enable_interrupts_lib.o)
                0x9d00ffb4                INTEnableInterrupts

.text._on_reset
                0x9d00ffbc        0x8
 .text._on_reset
                0x9d00ffbc        0x8 c:/program files (x86)/microchip/xc32/v1.30/bin/../lib/gcc/pic32mx/4.5.2/../../../../pic32mx/lib\libpic32.a(default-on-reset.o)
                0x9d00ffbc                _on_reset

.text._on_bootstrap
                0x9d00ffc4        0x8
 .text._on_bootstrap
                0x9d00ffc4        0x8 c:/program files (x86)/microchip/xc32/v1.30/bin/../lib/gcc/pic32mx/4.5.2/../../../../pic32mx/lib\libpic32.a(default-on-bootstrap.o)
                0x9d00ffc4                _on_bootstrap

.text%z48       0x00000000        0x0
 .text          0x00000000        0x0 c:/program files (x86)/microchip/xc32/v1.30/bin/../lib/gcc/pic32mx/4.5.2/../../../../pic32mx/lib\debug-exception-return.o

.text%z49       0x00000000        0x0
 .text          0x00000000        0x0 c:/program files (x86)/microchip/xc32/v1.30/bin/../lib/gcc/pic32mx/4.5.2/../../../../pic32mx/lib\libpic32.a(default-general-exception-handler.o)

.text%z50       0x00000000        0x0
 .text          0x00000000        0x0 c:/program files (x86)/microchip/xc32/v1.30/bin/../lib/gcc/pic32mx/4.5.2/../../../../pic32mx/lib\libpic32.a(general-exception.o)

.text%z51       0x00000000        0x0
 .text          0x00000000        0x0 c:/program files (x86)/microchip/xc32/v1.30/bin/../lib/gcc/pic32mx/4.5.2/../../../../pic32mx/lib\libpic32.a(default-on-bootstrap.o)

.text%z52       0x00000000        0x0
 .text          0x00000000        0x0 c:/program files (x86)/microchip/xc32/v1.30/bin/../lib/gcc/pic32mx/4.5.2/../../../../pic32mx/lib\libpic32.a(default-on-reset.o)

.text%z53       0x00000000        0x0
 .text          0x00000000        0x0 c:/program files (x86)/microchip/xc32/v1.30/bin/../lib/gcc/pic32mx/4.5.2/../../../../pic32mx/lib\libpic32.a(default-bootstrap-exception-handler.o)

.text%z54       0x00000000        0x0
 .text          0x00000000        0x0 c:/program files (x86)/microchip/xc32/v1.30/bin/../lib/gcc/pic32mx/4.5.2/../../../../pic32mx/lib\libmchp_peripheral_32MX230F064D.a(int_tbl_lib.o)

.text%z55       0x00000000        0x0
 .text          0x00000000        0x0 c:/program files (x86)/microchip/xc32/v1.30/bin/../lib/gcc/pic32mx/4.5.2/../../../../pic32mx/lib\libmchp_peripheral_32MX230F064D.a(int_enable_interrupts_lib.o)

.text%z56       0x00000000        0x0
 .text          0x00000000        0x0 c:/program files (x86)/microchip/xc32/v1.30/bin/../lib/gcc/pic32mx/4.5.2/../../../../pic32mx/lib/./proc/32MX230F064D\processor.o

.text%z57       0x00000000        0x0
 .text          0x00000000        0x0 build/default/production/_ext/1360937237/usb_descriptors.o

.text%z58       0x00000000        0x0
 .text          0x00000000        0x0 c:/program files (x86)/microchip/xc32/v1.30/bin/../lib/gcc/pic32mx/4.5.2/../../../../pic32mx/lib/./proc/32MX230F064D/crt0_mips32r2.o
